Archive member included to satisfy reference by file (symbol)

C:/ST/STM32CubeIDE_1.16.0/STM32CubeIDE/plugins/com.st.stm32cube.ide.mcu.externaltools.gnu-tools-for-stm32.13.3.rel1.win32_1.0.0.202411081344/tools/bin/../lib/gcc/arm-none-eabi/13.3.1/../../../../arm-none-eabi/lib/thumb/v7e-m+fp/hard\libc_nano.a(libc_a-exit.o)
                              C:/ST/STM32CubeIDE_1.16.0/STM32CubeIDE/plugins/com.st.stm32cube.ide.mcu.externaltools.gnu-tools-for-stm32.13.3.rel1.win32_1.0.0.202411081344/tools/bin/../lib/gcc/arm-none-eabi/13.3.1/../../../../arm-none-eabi/lib/thumb/v7e-m+fp/hard/crt0.o (exit)
C:/ST/STM32CubeIDE_1.16.0/STM32CubeIDE/plugins/com.st.stm32cube.ide.mcu.externaltools.gnu-tools-for-stm32.13.3.rel1.win32_1.0.0.202411081344/tools/bin/../lib/gcc/arm-none-eabi/13.3.1/../../../../arm-none-eabi/lib/thumb/v7e-m+fp/hard\libc_nano.a(libc_a-findfp.o)
                              C:/ST/STM32CubeIDE_1.16.0/STM32CubeIDE/plugins/com.st.stm32cube.ide.mcu.externaltools.gnu-tools-for-stm32.13.3.rel1.win32_1.0.0.202411081344/tools/bin/../lib/gcc/arm-none-eabi/13.3.1/../../../../arm-none-eabi/lib/thumb/v7e-m+fp/hard\libc_nano.a(libc_a-exit.o) (__stdio_exit_handler)
C:/ST/STM32CubeIDE_1.16.0/STM32CubeIDE/plugins/com.st.stm32cube.ide.mcu.externaltools.gnu-tools-for-stm32.13.3.rel1.win32_1.0.0.202411081344/tools/bin/../lib/gcc/arm-none-eabi/13.3.1/../../../../arm-none-eabi/lib/thumb/v7e-m+fp/hard\libc_nano.a(libc_a-fwalk.o)
                              C:/ST/STM32CubeIDE_1.16.0/STM32CubeIDE/plugins/com.st.stm32cube.ide.mcu.externaltools.gnu-tools-for-stm32.13.3.rel1.win32_1.0.0.202411081344/tools/bin/../lib/gcc/arm-none-eabi/13.3.1/../../../../arm-none-eabi/lib/thumb/v7e-m+fp/hard\libc_nano.a(libc_a-findfp.o) (_fwalk_sglue)
C:/ST/STM32CubeIDE_1.16.0/STM32CubeIDE/plugins/com.st.stm32cube.ide.mcu.externaltools.gnu-tools-for-stm32.13.3.rel1.win32_1.0.0.202411081344/tools/bin/../lib/gcc/arm-none-eabi/13.3.1/../../../../arm-none-eabi/lib/thumb/v7e-m+fp/hard\libc_nano.a(libc_a-sprintf.o)
                              ./Core/Src/sensor_service.o (sprintf)
C:/ST/STM32CubeIDE_1.16.0/STM32CubeIDE/plugins/com.st.stm32cube.ide.mcu.externaltools.gnu-tools-for-stm32.13.3.rel1.win32_1.0.0.202411081344/tools/bin/../lib/gcc/arm-none-eabi/13.3.1/../../../../arm-none-eabi/lib/thumb/v7e-m+fp/hard\libc_nano.a(libc_a-stdio.o)
                              C:/ST/STM32CubeIDE_1.16.0/STM32CubeIDE/plugins/com.st.stm32cube.ide.mcu.externaltools.gnu-tools-for-stm32.13.3.rel1.win32_1.0.0.202411081344/tools/bin/../lib/gcc/arm-none-eabi/13.3.1/../../../../arm-none-eabi/lib/thumb/v7e-m+fp/hard\libc_nano.a(libc_a-findfp.o) (__sread)
C:/ST/STM32CubeIDE_1.16.0/STM32CubeIDE/plugins/com.st.stm32cube.ide.mcu.externaltools.gnu-tools-for-stm32.13.3.rel1.win32_1.0.0.202411081344/tools/bin/../lib/gcc/arm-none-eabi/13.3.1/../../../../arm-none-eabi/lib/thumb/v7e-m+fp/hard\libc_nano.a(libc_a-vsnprintf.o)
                              ./Core/Src/debug.o (vsnprintf)
C:/ST/STM32CubeIDE_1.16.0/STM32CubeIDE/plugins/com.st.stm32cube.ide.mcu.externaltools.gnu-tools-for-stm32.13.3.rel1.win32_1.0.0.202411081344/tools/bin/../lib/gcc/arm-none-eabi/13.3.1/../../../../arm-none-eabi/lib/thumb/v7e-m+fp/hard\libc_nano.a(libc_a-memcmp.o)
                              ./Middlewares/HCI/Controller/bluenrg_utils.o (memcmp)
C:/ST/STM32CubeIDE_1.16.0/STM32CubeIDE/plugins/com.st.stm32cube.ide.mcu.externaltools.gnu-tools-for-stm32.13.3.rel1.win32_1.0.0.202411081344/tools/bin/../lib/gcc/arm-none-eabi/13.3.1/../../../../arm-none-eabi/lib/thumb/v7e-m+fp/hard\libc_nano.a(libc_a-memset.o)
                              C:/ST/STM32CubeIDE_1.16.0/STM32CubeIDE/plugins/com.st.stm32cube.ide.mcu.externaltools.gnu-tools-for-stm32.13.3.rel1.win32_1.0.0.202411081344/tools/bin/../lib/gcc/arm-none-eabi/13.3.1/../../../../arm-none-eabi/lib/thumb/v7e-m+fp/hard/crt0.o (memset)
C:/ST/STM32CubeIDE_1.16.0/STM32CubeIDE/plugins/com.st.stm32cube.ide.mcu.externaltools.gnu-tools-for-stm32.13.3.rel1.win32_1.0.0.202411081344/tools/bin/../lib/gcc/arm-none-eabi/13.3.1/../../../../arm-none-eabi/lib/thumb/v7e-m+fp/hard\libc_nano.a(libc_a-strncmp.o)
                              ./Core/Src/sensor_service.o (strncmp)
C:/ST/STM32CubeIDE_1.16.0/STM32CubeIDE/plugins/com.st.stm32cube.ide.mcu.externaltools.gnu-tools-for-stm32.13.3.rel1.win32_1.0.0.202411081344/tools/bin/../lib/gcc/arm-none-eabi/13.3.1/../../../../arm-none-eabi/lib/thumb/v7e-m+fp/hard\libc_nano.a(libc_a-closer.o)
                              C:/ST/STM32CubeIDE_1.16.0/STM32CubeIDE/plugins/com.st.stm32cube.ide.mcu.externaltools.gnu-tools-for-stm32.13.3.rel1.win32_1.0.0.202411081344/tools/bin/../lib/gcc/arm-none-eabi/13.3.1/../../../../arm-none-eabi/lib/thumb/v7e-m+fp/hard\libc_nano.a(libc_a-stdio.o) (_close_r)
[...]
Memory Configuration

Name             Origin             Length             Attributes
RAM              0x20000000         0x00010000         xrw
FLASH            0x08000000         0x00040000         xr
*default*        0x00000000         0xffffffff

Linker script and memory map

LOAD C:/ST/STM32CubeIDE_1.16.0/STM32CubeIDE/plugins/com.st.stm32cube.ide.mcu.externaltools.gnu-tools-for-stm32.13.3.rel1.win32_1.0.0.202411081344/tools/bin/../lib/gcc/arm-none-eabi/13.3.1/thumb/v7e-m+fp/hard/crti.o
LOAD C:/ST/STM32CubeIDE_1.16.0/STM32CubeIDE/plugins/com.st.stm32cube.ide.mcu.externaltools.gnu-tools-for-stm32.13.3.rel1.win32_1.0.0.202411081344/tools/bin/../lib/gcc/arm-none-eabi/13.3.1/thumb/v7e-m+fp/hard/crtbegin.o
LOAD C:/ST/STM32CubeIDE_1.16.0/STM32CubeIDE/plugins/com.st.stm32cube.ide.mcu.externaltools.gnu-tools-for-stm32.13.3.rel1.win32_1.0.0.202411081344/tools/bin/../lib/gcc/arm-none-eabi/13.3.1/../../../../arm-none-eabi/lib/thumb/v7e-m+fp/hard/crt0.o
LOAD ./Core/Src/PID.o
LOAD ./Core/Src/ahrs.o
LOAD ./Core/Src/basic_math.o
LOAD ./Core/Src/console.o
LOAD ./Core/Src/custom_bus.o
LOAD ./Core/Src/debug.o
LOAD ./Core/Src/flight_control.o
LOAD ./Core/Src/main.o
LOAD ./Core/Src/motor.o
LOAD ./Core/Src/quaternion.o
LOAD ./Core/Src/rc.o
LOAD ./Core/Src/sensor_service.o
LOAD ./Core/Src/stm32f4xx_hal_msp.o
LOAD ./Core/Src/stm32f4xx_it.o
LOAD ./Core/Src/syscalls.o
LOAD ./Core/Src/sysmem.o
LOAD ./Core/Src/system_stm32f4xx.o
LOAD ./Core/Src/timer.o
LOAD ./Core/Startup/startup_stm32f401ccux.o
LOAD ./Drivers/BSP/Components/BLE/SPBTLE_RF.o
LOAD ./Drivers/BSP/Components/lps22hh/lps22hh.o
LOAD ./Drivers/BSP/Components/lps22hh/lps22hh_reg.o
LOAD ./Drivers/BSP/Components/lsm6dsr/lsm6dsr.o
LOAD ./Drivers/BSP/Components/lsm6dsr/lsm6dsr_reg.o
LOAD ./Drivers/STM32F4xx_HAL_Driver/Src/stm32f4xx_hal.o
LOAD ./Drivers/STM32F4xx_HAL_Driver/Src/stm32f4xx_hal_adc.o
LOAD ./Drivers/STM32F4xx_HAL_Driver/Src/stm32f4xx_hal_adc_ex.o
LOAD ./Drivers/STM32F4xx_HAL_Driver/Src/stm32f4xx_hal_cortex.o
LOAD ./Drivers/STM32F4xx_HAL_Driver/Src/stm32f4xx_hal_dma.o
LOAD ./Drivers/STM32F4xx_HAL_Driver/Src/stm32f4xx_hal_dma_ex.o
LOAD ./Drivers/STM32F4xx_HAL_Driver/Src/stm32f4xx_hal_exti.o
LOAD ./Drivers/STM32F4xx_HAL_Driver/Src/stm32f4xx_hal_flash.o
LOAD ./Drivers/STM32F4xx_HAL_Driver/Src/stm32f4xx_hal_flash_ex.o
LOAD ./Drivers/STM32F4xx_HAL_Driver/Src/stm32f4xx_hal_flash_ramfunc.o
LOAD ./Drivers/STM32F4xx_HAL_Driver/Src/stm32f4xx_hal_gpio.o
LOAD ./Drivers/STM32F4xx_HAL_Driver/Src/stm32f4xx_hal_i2c.o
LOAD ./Drivers/STM32F4xx_HAL_Driver/Src/stm32f4xx_hal_i2c_ex.o
LOAD ./Drivers/STM32F4xx_HAL_Driver/Src/stm32f4xx_hal_pwr.o
LOAD ./Drivers/STM32F4xx_HAL_Driver/Src/stm32f4xx_hal_pwr_ex.o
LOAD ./Drivers/STM32F4xx_HAL_Driver/Src/stm32f4xx_hal_rcc.o
LOAD ./Drivers/STM32F4xx_HAL_Driver/Src/stm32f4xx_hal_rcc_ex.o
LOAD ./Drivers/STM32F4xx_HAL_Driver/Src/stm32f4xx_hal_spi.o
LOAD ./Drivers/STM32F4xx_HAL_Driver/Src/stm32f4xx_hal_tim.o
LOAD ./Drivers/STM32F4xx_HAL_Driver/Src/stm32f4xx_hal_tim_ex.o
LOAD ./Drivers/STM32F4xx_HAL_Driver/Src/stm32f4xx_hal_uart.o
LOAD ./Drivers/STM32F4xx_HAL_Driver/Src/stm32f4xx_ll_adc.o
LOAD ./Middlewares/HCI/Controller/bluenrg_gap_aci.o
LOAD ./Middlewares/HCI/Controller/bluenrg_gatt_aci.o
LOAD ./Middlewares/HCI/Controller/bluenrg_hal_aci.o
LOAD ./Middlewares/HCI/Controller/bluenrg_l2cap_aci.o
LOAD ./Middlewares/HCI/Controller/bluenrg_utils.o
LOAD ./Middlewares/HCI/hci.o
LOAD ./Middlewares/Interface/bluenrg_itf_template.o
LOAD ./Middlewares/Utils/ble_list.o
LOAD ./Middlewares/Utils/gp_timer.o
LOAD ./Middlewares/Utils/osal.o
LOAD ./X-CUBE-MEMS1/Target/custom_env_sensors.o
LOAD ./X-CUBE-MEMS1/Target/custom_env_sensors_ex.o
LOAD ./X-CUBE-MEMS1/Target/custom_motion_sensors.o
LOAD ./X-CUBE-MEMS1/Target/custom_motion_sensors_ex.o
START GROUP
LOAD C:/ST/STM32CubeIDE_1.16.0/STM32CubeIDE/plugins/com.st.stm32cube.ide.mcu.externaltools.gnu-tools-for-stm32.13.3.rel1.win32_1.0.0.202411081344/tools/bin/../lib/gcc/arm-none-eabi/13.3.1/../../../../arm-none-eabi/lib/thumb/v7e-m+fp/hard\libc_nano.a
LOAD C:/ST/STM32CubeIDE_1.16.0/STM32CubeIDE/plugins/com.st.stm32cube.ide.mcu.externaltools.gnu-tools-for-stm32.13.3.rel1.win32_1.0.0.202411081344/tools/bin/../lib/gcc/arm-none-eabi/13.3.1/../../../../arm-none-eabi/lib/thumb/v7e-m+fp/hard\libm.a
END GROUP
START GROUP
LOAD C:/ST/STM32CubeIDE_1.16.0/STM32CubeIDE/plugins/com.st.stm32cube.ide.mcu.externaltools.gnu-tools-for-stm32.13.3.rel1.win32_1.0.0.202411081344/tools/bin/../lib/gcc/arm-none-eabi/13.3.1/thumb/v7e-m+fp/hard\libgcc.a
LOAD C:/ST/STM32CubeIDE_1.16.0/STM32CubeIDE/plugins/com.st.stm32cube.ide.mcu.externaltools.gnu-tools-for-stm32.13.3.rel1.win32_1.0.0.202411081344/tools/bin/../lib/gcc/arm-none-eabi/13.3.1/../../../../arm-none-eabi/lib/thumb/v7e-m+fp/hard\libc_nano.a
END GROUP
START GROUP
LOAD C:/ST/STM32CubeIDE_1.16.0/STM32CubeIDE/plugins/com.st.stm32cube.ide.mcu.externaltools.gnu-tools-for-stm32.13.3.rel1.win32_1.0.0.202411081344/tools/bin/../lib/gcc/arm-none-eabi/13.3.1/thumb/v7e-m+fp/hard\libgcc.a
LOAD C:/ST/STM32CubeIDE_1.16.0/STM32CubeIDE/plugins/com.st.stm32cube.ide.mcu.externaltools.gnu-tools-for-stm32.13.3.rel1.win32_1.0.0.202411081344/tools/bin/../lib/gcc/arm-none-eabi/13.3.1/../../../../arm-none-eabi/lib/thumb/v7e-m+fp/hard\libc_nano.a
LOAD C:/ST/STM32CubeIDE_1.16.0/STM32CubeIDE/plugins/com.st.stm32cube.ide.mcu.externaltools.gnu-tools-for-stm32.13.3.rel1.win32_1.0.0.202411081344/tools/bin/../lib/gcc/arm-none-eabi/13.3.1/../../../../arm-none-eabi/lib/thumb/v7e-m+fp/hard\libnosys.a
END GROUP
START GROUP
LOAD C:/ST/STM32CubeIDE_1.16.0/STM32CubeIDE/plugins/com.st.stm32cube.ide.mcu.externaltools.gnu-tools-for-stm32.13.3.rel1.win32_1.0.0.202411081344/tools/bin/../lib/gcc/arm-none-eabi/13.3.1/thumb/v7e-m+fp/hard\libgcc.a
LOAD C:/ST/STM32CubeIDE_1.16.0/STM32CubeIDE/plugins/com.st.stm32cube.ide.mcu.externaltools.gnu-tools-for-stm32.13.3.rel1.win32_1.0.0.202411081344/tools/bin/../lib/gcc/arm-none-eabi/13.3.1/../../../../arm-none-eabi/lib/thumb/v7e-m+fp/hard\libc_nano.a
LOAD C:/ST/STM32CubeIDE_1.16.0/STM32CubeIDE/plugins/com.st.stm32cube.ide.mcu.externaltools.gnu-tools-for-stm32.13.3.rel1.win32_1.0.0.202411081344/tools/bin/../lib/gcc/arm-none-eabi/13.3.1/../../../../arm-none-eabi/lib/thumb/v7e-m+fp/hard\libnosys.a
END GROUP
LOAD C:/ST/STM32CubeIDE_1.16.0/STM32CubeIDE/plugins/com.st.stm32cube.ide.mcu.externaltools.gnu-tools-for-stm32.13.3.rel1.win32_1.0.0.202411081344/tools/bin/../lib/gcc/arm-none-eabi/13.3.1/thumb/v7e-m+fp/hard/crtend.o
LOAD C:/ST/STM32CubeIDE_1.16.0/STM32CubeIDE/plugins/com.st.stm32cube.ide.mcu.externaltools.gnu-tools-for-stm32.13.3.rel1.win32_1.0.0.202411081344/tools/bin/../lib/gcc/arm-none-eabi/13.3.1/thumb/v7e-m+fp/hard/crtn.o
                0x20010000                        _estack = (ORIGIN (RAM) + LENGTH (RAM))
                0x00004000                        _Min_Heap_Size = 0x4000
                0x00004000                        _Min_Stack_Size = 0x4000

.isr_vector     0x08000000      0x194
                0x08000000                        . = ALIGN (0x4)
 *(.isr_vector)
 .isr_vector    0x08000000      0x194 ./Core/Startup/startup_stm32f401ccux.o
                0x08000000                g_pfnVectors
                0x08000194                        . = ALIGN (0x4)

.text           0x080001a0    0x11464
                0x080001a0                        . = ALIGN (0x4)
 *(.text)
 .text          0x080001a0       0x40 C:/ST/STM32CubeIDE_1.16.0/STM32CubeIDE/plugins/com.st.stm32cube.ide.mcu.externaltools.gnu-tools-for-stm32.13.3.rel1.win32_1.0.0.202411081344/tools/bin/../lib/gcc/arm-none-eabi/13.3.1/thumb/v7e-m+fp/hard/crtbegin.o
 .text          0x080001e0       0xa0 C:/ST/STM32CubeIDE_1.16.0/STM32CubeIDE/plugins/com.st.stm32cube.ide.mcu.externaltools.gnu-tools-for-stm32.13.3.rel1.win32_1.0.0.202411081344/tools/bin/../lib/gcc/arm-none-eabi/13.3.1/../../../../arm-none-eabi/lib/thumb/v7e-m+fp/hard\libc_nano.a(libc_a-memchr.o)
                0x080001e0                memchr
 .text          0x08000280      0x378 C:/ST/STM32CubeIDE_1.16.0/STM32CubeIDE/plugins/com.st.stm32cube.ide.mcu.externaltools.gnu-tools-for-stm32.13.3.rel1.win32_1.0.0.202411081344/tools/bin/../lib/gcc/arm-none-eabi/13.3.1/thumb/v7e-m+fp/hard\libgcc.a(_arm_addsubdf3.o)
                0x08000280                __aeabi_drsub
                0x08000288                __aeabi_dsub
                0x08000288                __subdf3
                0x0800028c                __aeabi_dadd
                0x0800028c                __adddf3
                0x08000504                __floatunsidf
                0x08000504                __aeabi_ui2d
                0x08000524                __floatsidf
                0x08000524                __aeabi_i2d
                0x08000548                __aeabi_f2d
                0x08000548                __extendsfdf2
                0x0800058c                __floatundidf
                0x0800058c                __aeabi_ul2d
                0x0800059c                __floatdidf
                0x0800059c                __aeabi_l2d
 .text          0x080005f8      0x424 C:/ST/STM32CubeIDE_1.16.0/STM32CubeIDE/plugins/com.st.stm32cube.ide.mcu.externaltools.gnu-tools-for-stm32.13.3.rel1.win32_1.0.0.202411081344/tools/bin/../lib/gcc/arm-none-eabi/13.3.1/thumb/v7e-m+fp/hard\libgcc.a(_arm_muldivdf3.o)
                0x080005f8                __aeabi_dmul
                0x080005f8                __muldf3
                0x0800084c                __divdf3
                0x0800084c                __aeabi_ddiv
 .text          0x08000a1c      0x110 C:/ST/STM32CubeIDE_1.16.0/STM32CubeIDE/plugins/com.st.stm32cube.ide.mcu.externaltools.gnu-tools-for-stm32.13.3.rel1.win32_1.0.0.202411081344/tools/bin/../lib/gcc/arm-none-eabi/13.3.1/thumb/v7e-m+fp/hard\libgcc.a(_arm_cmpdf2.o)
                0x08000a1c                __gtdf2
                0x08000a1c                __gedf2
                0x08000a24                __ltdf2
                0x08000a24                __ledf2
                0x08000a2c                __nedf2
                0x08000a2c                __eqdf2
                0x08000a2c                __cmpdf2
                0x08000aa8                __aeabi_cdrcmple
                0x08000ab8                __aeabi_cdcmpeq
                0x08000ab8                __aeabi_cdcmple
                0x08000ac8                __aeabi_dcmpeq
                0x08000adc                __aeabi_dcmplt
                0x08000af0                __aeabi_dcmple
                0x08000b04                __aeabi_dcmpge
                0x08000b18                __aeabi_dcmpgt
 .text          0x08000b2c       0x2c C:/ST/STM32CubeIDE_1.16.0/STM32CubeIDE/plugins/com.st.stm32cube.ide.mcu.externaltools.gnu-tools-for-stm32.13.3.rel1.win32_1.0.0.202411081344/tools/bin/../lib/gcc/arm-none-eabi/13.3.1/thumb/v7e-m+fp/hard\libgcc.a(_arm_unorddf2.o)
                0x08000b2c                __unorddf2
                0x08000b2c                __aeabi_dcmpun
 .text          0x08000b58       0xa0 C:/ST/STM32CubeIDE_1.16.0/STM32CubeIDE/plugins/com.st.stm32cube.ide.mcu.externaltools.gnu-tools-for-stm32.13.3.rel1.win32_1.0.0.202411081344/tools/bin/../lib/gcc/arm-none-eabi/13.3.1/thumb/v7e-m+fp/hard\libgcc.a(_arm_truncdfsf2.o)
                0x08000b58                __truncdfsf2
                0x08000b58                __aeabi_d2f
 .text          0x08000bf8       0x30 C:/ST/STM32CubeIDE_1.16.0/STM32CubeIDE/plugins/com.st.stm32cube.ide.mcu.externaltools.gnu-tools-for-stm32.13.3.rel1.win32_1.0.0.202411081344/tools/bin/../lib/gcc/arm-none-eabi/13.3.1/thumb/v7e-m+fp/hard\libgcc.a(_aeabi_uldivmod.o)
                0x08000bf8                __aeabi_uldivmod
 .text          0x08000c28      0x2f8 C:/ST/STM32CubeIDE_1.16.0/STM32CubeIDE/plugins/com.st.stm32cube.ide.mcu.externaltools.gnu-tools-for-stm32.13.3.rel1.win32_1.0.0.202411081344/tools/bin/../lib/gcc/arm-none-eabi/13.3.1/thumb/v7e-m+fp/hard\libgcc.a(_udivmoddi4.o)
                0x08000c28                __udivmoddi4
 .text          0x08000f20        0x4 C:/ST/STM32CubeIDE_1.16.0/STM32CubeIDE/plugins/com.st.stm32cube.ide.mcu.externaltools.gnu-tools-for-stm32.13.3.rel1.win32_1.0.0.202411081344/tools/bin/../lib/gcc/arm-none-eabi/13.3.1/thumb/v7e-m+fp/hard\libgcc.a(_dvmd_tls.o)
                0x08000f20                __aeabi_idiv0
                0x08000f20                __aeabi_ldiv0
 *(.text*)
 .text.ahrs_fusion_ag
                0x08000f24      0x50c ./Core/Src/ahrs.o
                0x08000f24                ahrs_fusion_ag
 .text.invSqrt  0x08001430       0x78 ./Core/Src/basic_math.o
                0x08001430                invSqrt
 .text.BSP_SPI2_Init
                0x080014a8       0x60 ./Core/Src/custom_bus.o
                0x080014a8                BSP_SPI2_Init
 .text.BSP_SPI2_DeInit
                0x08001508       0x50 ./Core/Src/custom_bus.o
                0x08001508                BSP_SPI2_DeInit
 .text.BSP_SPI2_Send
                0x08001558       0x38 ./Core/Src/custom_bus.o
                0x08001558                BSP_SPI2_Send
 .text.BSP_SPI2_Recv
                0x08001590       0x38 ./Core/Src/custom_bus.o
                0x08001590                BSP_SPI2_Recv
 .text.BSP_GetTick
                0x080015c8        0xe ./Core/Src/custom_bus.o
                0x080015c8                BSP_GetTick
 *fill*         0x080015d6        0x2 
 .text.MX_SPI2_Init
                0x080015d8       0x78 ./Core/Src/custom_bus.o
                0x080015d8                MX_SPI2_Init
 .text.SPI2_MspInit
                0x08001650       0xc8 ./Core/Src/custom_bus.o
 .text.SPI2_MspDeInit
                0x08001718       0x48 ./Core/Src/custom_bus.o
 .text.myprintf
                0x08001760       0x44 ./Core/Src/debug.o
                0x08001760                myprintf
 .text.usart_puts
                0x080017a4       0x28 ./Core/Src/debug.o
                0x080017a4                usart_puts
 .text.PIDControlInit
                0x080017cc       0xf0 ./Core/Src/flight_control.o
                0x080017cc                PIDControlInit
 .text.FlightControlPID_OuterLoop
                0x080018bc      0x238 ./Core/Src/flight_control.o
                0x080018bc                FlightControlPID_OuterLoop
 .text.FlightControlPID_innerLoop
                0x08001af4      0x548 ./Core/Src/flight_control.o
                0x08001af4                FlightControlPID_innerLoop
 *fill*         0x0800203c        0x4 
 .text.main     0x08002040      0xa2c ./Core/Src/main.o
                0x08002040                main
 .text.SystemClock_Config
                0x08002a6c       0xd8 ./Core/Src/main.o
                0x08002a6c                SystemClock_Config
 .text.MX_ADC1_Init
                0x08002b44       0xa4 ./Core/Src/main.o
 .text.MX_I2C2_Init
                0x08002be8       0x5c ./Core/Src/main.o
 .text.MX_SPI1_Init
                0x08002c44       0x6c ./Core/Src/main.o
 .text.MX_TIM2_Init
                0x08002cb0      0x120 ./Core/Src/main.o
 .text.MX_TIM4_Init
                0x08002dd0      0x130 ./Core/Src/main.o
 .text.MX_TIM9_Init
                0x08002f00       0x74 ./Core/Src/main.o
 .text.MX_USART1_UART_Init
                0x08002f74       0x54 ./Core/Src/main.o
 .text.MX_GPIO_Init
                0x08002fc8      0x1c4 ./Core/Src/main.o
 .text.ReadSensorRawData
                0x0800318c       0xa8 ./Core/Src/main.o
                0x0800318c                ReadSensorRawData
 .text.HAL_TIM_PeriodElapsedCallback
                0x08003234      0x928 ./Core/Src/main.o
                0x08003234                HAL_TIM_PeriodElapsedCallback
 .text.BSP_LED_Init
                0x08003b5c       0x8c ./Core/Src/main.o
                0x08003b5c                BSP_LED_Init
 .text.BSP_LED_On
                0x08003be8       0x34 ./Core/Src/main.o
                0x08003be8                BSP_LED_On
 .text.BSP_LED_Off
                0x08003c1c       0x34 ./Core/Src/main.o
                0x08003c1c                BSP_LED_Off
 .text.BSP_LED_Toggle
                0x08003c50       0x34 ./Core/Src/main.o
                0x08003c50                BSP_LED_Toggle
 .text.BlueNRG_Init
                0x08003c84      0x284 ./Core/Src/main.o
                0x08003c84                BlueNRG_Init
 .text.Init_BlueNRG_Custom_Services
                0x08003f08       0x7c ./Core/Src/main.o
 .text.SendMotionData
                0x08003f84       0x48 ./Core/Src/main.o
 *fill*         0x08003fcc        0x4 
 .text.SendBattEnvData
                0x08003fd0      0x22c ./Core/Src/main.o
 .text.SendArmingData
                0x080041fc       0x18 ./Core/Src/main.o
 .text.Error_Handler
                0x08004214        0xe ./Core/Src/main.o
                0x08004214                Error_Handler
 *fill*         0x08004222        0x2 
 .text.set_motor_pwm
                0x08004224      0x154 ./Core/Src/motor.o
                0x08004224                set_motor_pwm
 .text.set_motor_pwm_zero
                0x08004378       0x34 ./Core/Src/motor.o
                0x08004378                set_motor_pwm_zero
 .text.QuaternionToEuler
                0x080043ac      0x164 ./Core/Src/quaternion.o
                0x080043ac                QuaternionToEuler
 .text.init_remote_control
                0x08004510       0x60 ./Core/Src/rc.o
                0x08004510                init_remote_control
 .text.init_rc_variables
                0x08004570       0x68 ./Core/Src/rc.o
                0x08004570                init_rc_variables
 .text.HAL_TIM_IC_CaptureCallback
                0x080045d8       0x16 ./Core/Src/rc.o
                0x080045d8                HAL_TIM_IC_CaptureCallback
 *fill*         0x080045ee        0x2 
 .text.update_rc_data
                0x080045f0       0xb4 ./Core/Src/rc.o
                0x080045f0                update_rc_data
 .text.GetTargetEulerAngle
                0x080046a4      0x174 ./Core/Src/rc.o
                0x080046a4                GetTargetEulerAngle
 .text.init_queue
                0x08004818       0x60 ./Core/Src/rc.o
                0x08004818                init_queue
 .text.safe_aci_gatt_update_char_value
                0x08004878       0x68 ./Core/Src/sensor_service.o
                0x08004878                safe_aci_gatt_update_char_value
 .text.Add_ConfigW2ST_Service
                0x080048e0       0xec ./Core/Src/sensor_service.o
                0x080048e0                Add_ConfigW2ST_Service
 .text.Add_ConsoleW2ST_Service
                0x080049cc      0x164 ./Core/Src/sensor_service.o
                0x080049cc                Add_ConsoleW2ST_Service
 .text.Stderr_Update
                0x08004b30       0x90 ./Core/Src/sensor_service.o
                0x08004b30                Stderr_Update
 .text.Term_Update
                0x08004bc0       0x9c ./Core/Src/sensor_service.o
                0x08004bc0                Term_Update
 .text.Stderr_Update_AfterRead
                0x08004c5c       0x44 ./Core/Src/sensor_service.o
 .text.Term_Update_AfterRead
                0x08004ca0       0x88 ./Core/Src/sensor_service.o
 .text.Add_HWServW2ST_Service
                0x08004d28      0x32c ./Core/Src/sensor_service.o
                0x08004d28                Add_HWServW2ST_Service
 .text.AccGyroMag_Update
                0x08005054      0x190 ./Core/Src/sensor_service.o
                0x08005054                AccGyroMag_Update
 .text.Batt_Env_RSSI_Update
                0x080051e4      0x17c ./Core/Src/sensor_service.o
                0x080051e4                Batt_Env_RSSI_Update
 .text.ARMING_Update
                0x08005360       0xa4 ./Core/Src/sensor_service.o
                0x08005360                ARMING_Update
 .text.setConnectable
                0x08005404       0xcc ./Core/Src/sensor_service.o
                0x08005404                setConnectable
 .text.GAP_ConnectionComplete_CB
                0x080054d0       0x98 ./Core/Src/sensor_service.o
 .text.GAP_DisconnectionComplete_CB
                0x08005568       0x40 ./Core/Src/sensor_service.o
 .text.Read_Request_CB
                0x080055a8      0x108 ./Core/Src/sensor_service.o
                0x080055a8                Read_Request_CB
 .text.Attribute_Modified_CB
                0x080056b0      0x244 ./Core/Src/sensor_service.o
                0x080056b0                Attribute_Modified_CB
 .text.DebugConsoleCommandParsing
                0x080058f4      0x470 ./Core/Src/sensor_service.o
 .text.ConfigCommandParsing
                0x08005d64       0x1e ./Core/Src/sensor_service.o
 *fill*         0x08005d82        0x2 
 .text.HCI_Event_CB
                0x08005d84       0xec ./Core/Src/sensor_service.o
                0x08005d84                HCI_Event_CB
 .text.DisableHWFeatures
                0x08005e70        0xe ./Core/Src/sensor_service.o
 *fill*         0x08005e7e        0x2 
 .text.HAL_MspInit
                0x08005e80       0x50 ./Core/Src/stm32f4xx_hal_msp.o
                0x08005e80                HAL_MspInit
 .text.HAL_ADC_MspInit
                0x08005ed0       0x88 ./Core/Src/stm32f4xx_hal_msp.o
                0x08005ed0                HAL_ADC_MspInit
 .text.HAL_I2C_MspInit
                0x08005f58       0xb0 ./Core/Src/stm32f4xx_hal_msp.o
                0x08005f58                HAL_I2C_MspInit
 .text.HAL_SPI_MspInit
                0x08006008      0x13c ./Core/Src/stm32f4xx_hal_msp.o
                0x08006008                HAL_SPI_MspInit
 .text.HAL_SPI_MspDeInit
                0x08006144       0x70 ./Core/Src/stm32f4xx_hal_msp.o
                0x08006144                HAL_SPI_MspDeInit
 .text.HAL_TIM_Base_MspInit
                0x080061b4      0x114 ./Core/Src/stm32f4xx_hal_msp.o
                0x080061b4                HAL_TIM_Base_MspInit
 .text.HAL_TIM_MspPostInit
                0x080062c8       0x74 ./Core/Src/stm32f4xx_hal_msp.o
                0x080062c8                HAL_TIM_MspPostInit
 .text.HAL_UART_MspInit
                0x0800633c       0xa0 ./Core/Src/stm32f4xx_hal_msp.o
                0x0800633c                HAL_UART_MspInit
 .text.NMI_Handler
                0x080063dc        0xe ./Core/Src/stm32f4xx_it.o
                0x080063dc                NMI_Handler
 .text.HardFault_Handler
                0x080063ea        0x8 ./Core/Src/stm32f4xx_it.o
                0x080063ea                HardFault_Handler
 .text.MemManage_Handler
                0x080063f2        0x8 ./Core/Src/stm32f4xx_it.o
                0x080063f2                MemManage_Handler
 .text.BusFault_Handler
                0x080063fa        0x8 ./Core/Src/stm32f4xx_it.o
                0x080063fa                BusFault_Handler
 .text.UsageFault_Handler
                0x08006402        0x8 ./Core/Src/stm32f4xx_it.o
                0x08006402                UsageFault_Handler
 .text.SVC_Handler
                0x0800640a        0xe ./Core/Src/stm32f4xx_it.o
                0x0800640a                SVC_Handler
 .text.DebugMon_Handler
                0x08006418        0xe ./Core/Src/stm32f4xx_it.o
                0x08006418                DebugMon_Handler
 .text.PendSV_Handler
                0x08006426        0xe ./Core/Src/stm32f4xx_it.o
                0x08006426                PendSV_Handler
 .text.SysTick_Handler
                0x08006434        0xc ./Core/Src/stm32f4xx_it.o
                0x08006434                SysTick_Handler
 .text.EXTI4_IRQHandler
                0x08006440        0xe ./Core/Src/stm32f4xx_it.o
                0x08006440                EXTI4_IRQHandler
 *fill*         0x0800644e        0x2 
 .text.TIM1_BRK_TIM9_IRQHandler
                0x08006450       0x14 ./Core/Src/stm32f4xx_it.o
                0x08006450                TIM1_BRK_TIM9_IRQHandler
 .text.TIM2_IRQHandler
                0x08006464       0x14 ./Core/Src/stm32f4xx_it.o
                0x08006464                TIM2_IRQHandler
 .text.TIM4_IRQHandler
                0x08006478       0x14 ./Core/Src/stm32f4xx_it.o
                0x08006478                TIM4_IRQHandler
 .text.SPI1_IRQHandler
                0x0800648c       0x14 ./Core/Src/stm32f4xx_it.o
                0x0800648c                SPI1_IRQHandler
 .text.SPI2_IRQHandler
                0x080064a0       0x14 ./Core/Src/stm32f4xx_it.o
                0x080064a0                SPI2_IRQHandler
 .text.USART1_IRQHandler
                0x080064b4       0x14 ./Core/Src/stm32f4xx_it.o
                0x080064b4                USART1_IRQHandler
 .text._sbrk    0x080064c8       0x58 ./Core/Src/sysmem.o
                0x080064c8                _sbrk
 .text.SystemInit
                0x08006520       0x2c ./Core/Src/system_stm32f4xx.o
                0x08006520                SystemInit
 .text.SetupTimer
                0x0800654c       0x2e ./Core/Src/timer.o
                0x0800654c                SetupTimer
 .text.StartTimer
                0x0800657a       0x26 ./Core/Src/timer.o
                0x0800657a                StartTimer
 .text.ClearTimer
                0x080065a0       0x1a ./Core/Src/timer.o
                0x080065a0                ClearTimer
 .text.isTimerEventExist
                0x080065ba       0x18 ./Core/Src/timer.o
                0x080065ba                isTimerEventExist
 *fill*         0x080065d2        0x2 
 .text.Reset_Handler
                0x080065d4       0x50 ./Core/Startup/startup_stm32f401ccux.o
                0x080065d4                Reset_Handler
 .text.Default_Handler
                0x08006624        0x2 ./Core/Startup/startup_stm32f401ccux.o
                0x08006624                RTC_Alarm_IRQHandler
                0x08006624                EXTI2_IRQHandler
                0x08006624                SPI4_IRQHandler
                0x08006624                TIM1_CC_IRQHandler
                0x08006624                DMA2_Stream5_IRQHandler
                0x08006624                DMA1_Stream5_IRQHandler
                0x08006624                PVD_IRQHandler
                0x08006624                SDIO_IRQHandler
                0x08006624                TAMP_STAMP_IRQHandler
                0x08006624                EXTI3_IRQHandler
                0x08006624                TIM1_UP_TIM10_IRQHandler
                0x08006624                I2C3_ER_IRQHandler
                0x08006624                EXTI0_IRQHandler
                0x08006624                I2C2_EV_IRQHandler
                0x08006624                DMA1_Stream2_IRQHandler
                0x08006624                FPU_IRQHandler
                0x08006624                DMA2_Stream2_IRQHandler
                0x08006624                DMA2_Stream3_IRQHandler
                0x08006624                USART6_IRQHandler
                0x08006624                DMA2_Stream0_IRQHandler
                0x08006624                I2C1_EV_IRQHandler
                0x08006624                DMA1_Stream6_IRQHandler
                0x08006624                DMA1_Stream1_IRQHandler
                0x08006624                TIM3_IRQHandler
                0x08006624                RCC_IRQHandler
                0x08006624                Default_Handler
                0x08006624                EXTI15_10_IRQHandler
                0x08006624                ADC_IRQHandler
                0x08006624                DMA1_Stream7_IRQHandler
                0x08006624                TIM5_IRQHandler
                0x08006624                DMA2_Stream7_IRQHandler
                0x08006624                I2C3_EV_IRQHandler
                0x08006624                EXTI9_5_IRQHandler
                0x08006624                RTC_WKUP_IRQHandler
                0x08006624                DMA1_Stream0_IRQHandler
                0x08006624                WWDG_IRQHandler
                0x08006624                OTG_FS_WKUP_IRQHandler
                0x08006624                TIM1_TRG_COM_TIM11_IRQHandler
                0x08006624                EXTI1_IRQHandler
                0x08006624                USART2_IRQHandler
                0x08006624                I2C2_ER_IRQHandler
                0x08006624                DMA2_Stream1_IRQHandler
                0x08006624                FLASH_IRQHandler
                0x08006624                DMA2_Stream4_IRQHandler
                0x08006624                OTG_FS_IRQHandler
                0x08006624                SPI3_IRQHandler
                0x08006624                DMA1_Stream4_IRQHandler
                0x08006624                I2C1_ER_IRQHandler
                0x08006624                DMA2_Stream6_IRQHandler
                0x08006624                DMA1_Stream3_IRQHandler
 *fill*         0x08006626        0x2 
 .text.HAL_GPIO_EXTI_Callback
                0x08006628       0x28 ./Drivers/BSP/Components/BLE/SPBTLE_RF.o
                0x08006628                HAL_GPIO_EXTI_Callback
 .text.Hal_Write_Serial
                0x08006650       0x5c ./Drivers/BSP/Components/BLE/SPBTLE_RF.o
                0x08006650                Hal_Write_Serial
 .text.BNRG_SPI_Init
                0x080066ac       0x64 ./Drivers/BSP/Components/BLE/SPBTLE_RF.o
                0x080066ac                BNRG_SPI_Init
 .text.BlueNRG_RST
                0x08006710       0x2c ./Drivers/BSP/Components/BLE/SPBTLE_RF.o
                0x08006710                BlueNRG_RST
 .text.BlueNRG_DataPresent
                0x0800673c       0x20 ./Drivers/BSP/Components/BLE/SPBTLE_RF.o
                0x0800673c                BlueNRG_DataPresent
 .text.BlueNRG_SPI_Read_All
                0x0800675c       0xe8 ./Drivers/BSP/Components/BLE/SPBTLE_RF.o
                0x0800675c                BlueNRG_SPI_Read_All
 .text.BlueNRG_SPI_Write
                0x08006844      0x170 ./Drivers/BSP/Components/BLE/SPBTLE_RF.o
                0x08006844                BlueNRG_SPI_Write
 .text.set_irq_as_output
                0x080069b4       0x38 ./Drivers/BSP/Components/BLE/SPBTLE_RF.o
                0x080069b4                set_irq_as_output
 .text.set_irq_as_input
                0x080069ec       0x44 ./Drivers/BSP/Components/BLE/SPBTLE_RF.o
                0x080069ec                set_irq_as_input
 .text.us150Delay
                0x08006a30       0x2a ./Drivers/BSP/Components/BLE/SPBTLE_RF.o
 .text.Enable_SPI_IRQ
                0x08006a5a        0xe ./Drivers/BSP/Components/BLE/SPBTLE_RF.o
                0x08006a5a                Enable_SPI_IRQ
 .text.Disable_SPI_IRQ
                0x08006a68        0xe ./Drivers/BSP/Components/BLE/SPBTLE_RF.o
                0x08006a68                Disable_SPI_IRQ
 *fill*         0x08006a76        0x2 
 .text.Clear_SPI_EXTI_Flag
                0x08006a78       0x18 ./Drivers/BSP/Components/BLE/SPBTLE_RF.o
                0x08006a78                Clear_SPI_EXTI_Flag
 .text.LPS22HH_RegisterBusIO
                0x08006a90       0xcc ./Drivers/BSP/Components/lps22hh/lps22hh.o
                0x08006a90                LPS22HH_RegisterBusIO
 .text.LPS22HH_Init
                0x08006b5c       0x36 ./Drivers/BSP/Components/lps22hh/lps22hh.o
                0x08006b5c                LPS22HH_Init
 .text.LPS22HH_DeInit
                0x08006b92       0x48 ./Drivers/BSP/Components/lps22hh/lps22hh.o
                0x08006b92                LPS22HH_DeInit
 .text.LPS22HH_ReadID
                0x08006bda       0x2c ./Drivers/BSP/Components/lps22hh/lps22hh.o
                0x08006bda                LPS22HH_ReadID
 *fill*         0x08006c06        0x2 
 .text.LPS22HH_GetCapabilities
                0x08006c08       0x48 ./Drivers/BSP/Components/lps22hh/lps22hh.o
                0x08006c08                LPS22HH_GetCapabilities
 .text.LPS22HH_PRESS_Enable
                0x08006c50       0x48 ./Drivers/BSP/Components/lps22hh/lps22hh.o
                0x08006c50                LPS22HH_PRESS_Enable
 .text.LPS22HH_PRESS_Disable
                0x08006c98       0x68 ./Drivers/BSP/Components/lps22hh/lps22hh.o
                0x08006c98                LPS22HH_PRESS_Disable
 .text.LPS22HH_PRESS_GetOutputDataRate
                0x08006d00       0x1c ./Drivers/BSP/Components/lps22hh/lps22hh.o
                0x08006d00                LPS22HH_PRESS_GetOutputDataRate
 .text.LPS22HH_PRESS_SetOutputDataRate
                0x08006d1c       0x38 ./Drivers/BSP/Components/lps22hh/lps22hh.o
                0x08006d1c                LPS22HH_PRESS_SetOutputDataRate
 .text.LPS22HH_PRESS_GetPressure
                0x08006d54       0x50 ./Drivers/BSP/Components/lps22hh/lps22hh.o
                0x08006d54                LPS22HH_PRESS_GetPressure
 .text.LPS22HH_TEMP_Enable
                0x08006da4       0x48 ./Drivers/BSP/Components/lps22hh/lps22hh.o
                0x08006da4                LPS22HH_TEMP_Enable
 .text.LPS22HH_TEMP_Disable
                0x08006dec       0x68 ./Drivers/BSP/Components/lps22hh/lps22hh.o
                0x08006dec                LPS22HH_TEMP_Disable
 .text.LPS22HH_TEMP_GetOutputDataRate
                0x08006e54       0x1c ./Drivers/BSP/Components/lps22hh/lps22hh.o
                0x08006e54                LPS22HH_TEMP_GetOutputDataRate
 .text.LPS22HH_TEMP_SetOutputDataRate
                0x08006e70       0x38 ./Drivers/BSP/Components/lps22hh/lps22hh.o
                0x08006e70                LPS22HH_TEMP_SetOutputDataRate
 .text.LPS22HH_TEMP_GetTemperature
                0x08006ea8       0x52 ./Drivers/BSP/Components/lps22hh/lps22hh.o
                0x08006ea8                LPS22HH_TEMP_GetTemperature
 .text.LPS22HH_Write_Reg
                0x08006efa       0x36 ./Drivers/BSP/Components/lps22hh/lps22hh.o
                0x08006efa                LPS22HH_Write_Reg
 .text.LPS22HH_GetOutputDataRate
                0x08006f30       0xc8 ./Drivers/BSP/Components/lps22hh/lps22hh.o
 .text.LPS22HH_SetOutputDataRate_When_Enabled
                0x08006ff8       0xe4 ./Drivers/BSP/Components/lps22hh/lps22hh.o
 .text.LPS22HH_SetOutputDataRate_When_Disabled
                0x080070dc       0xb4 ./Drivers/BSP/Components/lps22hh/lps22hh.o
 .text.LPS22HH_Initialize
                0x08007190       0x92 ./Drivers/BSP/Components/lps22hh/lps22hh.o
 .text.ReadRegWrap
                0x08007222       0x36 ./Drivers/BSP/Components/lps22hh/lps22hh.o
 .text.WriteRegWrap
                0x08007258       0x36 ./Drivers/BSP/Components/lps22hh/lps22hh.o
 .text.lps22hh_read_reg
                0x0800728e       0x30 ./Drivers/BSP/Components/lps22hh/lps22hh_reg.o
                0x0800728e                lps22hh_read_reg
 .text.lps22hh_write_reg
                0x080072be       0x30 ./Drivers/BSP/Components/lps22hh/lps22hh_reg.o
                0x080072be                lps22hh_write_reg
 *fill*         0x080072ee        0x2 
 .text.lps22hh_from_lsb_to_hpa
                0x080072f0       0x30 ./Drivers/BSP/Components/lps22hh/lps22hh_reg.o
                0x080072f0                lps22hh_from_lsb_to_hpa
 .text.lps22hh_from_lsb_to_celsius
                0x08007320       0x34 ./Drivers/BSP/Components/lps22hh/lps22hh_reg.o
                0x08007320                lps22hh_from_lsb_to_celsius
 .text.lps22hh_block_data_update_set
                0x08007354       0x4c ./Drivers/BSP/Components/lps22hh/lps22hh_reg.o
                0x08007354                lps22hh_block_data_update_set
 .text.lps22hh_data_rate_set
                0x080073a0       0x9c ./Drivers/BSP/Components/lps22hh/lps22hh_reg.o
                0x080073a0                lps22hh_data_rate_set
 .text.lps22hh_data_rate_get
                0x0800743c      0x150 ./Drivers/BSP/Components/lps22hh/lps22hh_reg.o
                0x0800743c                lps22hh_data_rate_get
 .text.lps22hh_pressure_raw_get
                0x0800758c       0x52 ./Drivers/BSP/Components/lps22hh/lps22hh_reg.o
                0x0800758c                lps22hh_pressure_raw_get
 .text.lps22hh_temperature_raw_get
                0x080075de       0x44 ./Drivers/BSP/Components/lps22hh/lps22hh_reg.o
                0x080075de                lps22hh_temperature_raw_get
 .text.lps22hh_device_id_get
                0x08007622       0x22 ./Drivers/BSP/Components/lps22hh/lps22hh_reg.o
                0x08007622                lps22hh_device_id_get
 .text.lps22hh_auto_increment_set
                0x08007644       0x4c ./Drivers/BSP/Components/lps22hh/lps22hh_reg.o
                0x08007644                lps22hh_auto_increment_set
 .text.lps22hh_lp_bandwidth_set
                0x08007690       0x4c ./Drivers/BSP/Components/lps22hh/lps22hh_reg.o
                0x08007690                lps22hh_lp_bandwidth_set
 .text.lps22hh_i3c_interface_set
                0x080076dc       0x5e ./Drivers/BSP/Components/lps22hh/lps22hh_reg.o
                0x080076dc                lps22hh_i3c_interface_set
 *fill*         0x0800773a        0x2 
 .text.LSM6DSR_RegisterBusIO
                0x0800773c       0xcc ./Drivers/BSP/Components/lsm6dsr/lsm6dsr.o
                0x0800773c                LSM6DSR_RegisterBusIO
 .text.LSM6DSR_Init
                0x08007808       0xea ./Drivers/BSP/Components/lsm6dsr/lsm6dsr.o
                0x08007808                LSM6DSR_Init
 .text.LSM6DSR_DeInit
                0x080078f2       0x4e ./Drivers/BSP/Components/lsm6dsr/lsm6dsr.o
                0x080078f2                LSM6DSR_DeInit
 .text.LSM6DSR_ReadID
                0x08007940       0x2c ./Drivers/BSP/Components/lsm6dsr/lsm6dsr.o
                0x08007940                LSM6DSR_ReadID
 .text.LSM6DSR_GetCapabilities
                0x0800796c       0x5c ./Drivers/BSP/Components/lsm6dsr/lsm6dsr.o
                0x0800796c                LSM6DSR_GetCapabilities
 .text.LSM6DSR_ACC_Enable
                0x080079c8       0x48 ./Drivers/BSP/Components/lsm6dsr/lsm6dsr.o
                0x080079c8                LSM6DSR_ACC_Enable
 .text.LSM6DSR_ACC_Disable
                0x08007a10       0x5e ./Drivers/BSP/Components/lsm6dsr/lsm6dsr.o
                0x08007a10                LSM6DSR_ACC_Disable
 *fill*         0x08007a6e        0x2 
 .text.LSM6DSR_ACC_GetSensitivity
                0x08007a70       0x8c ./Drivers/BSP/Components/lsm6dsr/lsm6dsr.o
                0x08007a70                LSM6DSR_ACC_GetSensitivity
 .text.LSM6DSR_ACC_GetOutputDataRate
                0x08007afc       0xf8 ./Drivers/BSP/Components/lsm6dsr/lsm6dsr.o
                0x08007afc                LSM6DSR_ACC_GetOutputDataRate
 .text.LSM6DSR_ACC_SetOutputDataRate
                0x08007bf4       0x38 ./Drivers/BSP/Components/lsm6dsr/lsm6dsr.o
                0x08007bf4                LSM6DSR_ACC_SetOutputDataRate
 .text.LSM6DSR_ACC_GetFullScale
                0x08007c2c       0x7c ./Drivers/BSP/Components/lsm6dsr/lsm6dsr.o
                0x08007c2c                LSM6DSR_ACC_GetFullScale
 .text.LSM6DSR_ACC_SetFullScale
                0x08007ca8       0x50 ./Drivers/BSP/Components/lsm6dsr/lsm6dsr.o
                0x08007ca8                LSM6DSR_ACC_SetFullScale
 .text.LSM6DSR_ACC_GetAxesRaw
                0x08007cf8       0x48 ./Drivers/BSP/Components/lsm6dsr/lsm6dsr.o
                0x08007cf8                LSM6DSR_ACC_GetAxesRaw
 .text.LSM6DSR_ACC_GetAxes
                0x08007d40       0xae ./Drivers/BSP/Components/lsm6dsr/lsm6dsr.o
                0x08007d40                LSM6DSR_ACC_GetAxes
 .text.LSM6DSR_GYRO_Enable
                0x08007dee       0x48 ./Drivers/BSP/Components/lsm6dsr/lsm6dsr.o
                0x08007dee                LSM6DSR_GYRO_Enable
 .text.LSM6DSR_GYRO_Disable
                0x08007e36       0x5e ./Drivers/BSP/Components/lsm6dsr/lsm6dsr.o
                0x08007e36                LSM6DSR_GYRO_Disable
 .text.LSM6DSR_GYRO_GetSensitivity
                0x08007e94       0xc8 ./Drivers/BSP/Components/lsm6dsr/lsm6dsr.o
                0x08007e94                LSM6DSR_GYRO_GetSensitivity
 .text.LSM6DSR_GYRO_GetOutputDataRate
                0x08007f5c       0xf8 ./Drivers/BSP/Components/lsm6dsr/lsm6dsr.o
                0x08007f5c                LSM6DSR_GYRO_GetOutputDataRate
 .text.LSM6DSR_GYRO_SetOutputDataRate
                0x08008054       0x38 ./Drivers/BSP/Components/lsm6dsr/lsm6dsr.o
                0x08008054                LSM6DSR_GYRO_SetOutputDataRate
 .text.LSM6DSR_GYRO_GetFullScale
                0x0800808c       0xb8 ./Drivers/BSP/Components/lsm6dsr/lsm6dsr.o
                0x0800808c                LSM6DSR_GYRO_GetFullScale
 .text.LSM6DSR_GYRO_SetFullScale
                0x08008144       0x6a ./Drivers/BSP/Components/lsm6dsr/lsm6dsr.o
                0x08008144                LSM6DSR_GYRO_SetFullScale
 .text.LSM6DSR_GYRO_GetAxesRaw
                0x080081ae       0x48 ./Drivers/BSP/Components/lsm6dsr/lsm6dsr.o
                0x080081ae                LSM6DSR_GYRO_GetAxesRaw
 .text.LSM6DSR_GYRO_GetAxes
                0x080081f6       0xa8 ./Drivers/BSP/Components/lsm6dsr/lsm6dsr.o
                0x080081f6                LSM6DSR_GYRO_GetAxes
 .text.LSM6DSR_Read_Reg
                0x0800829e       0x34 ./Drivers/BSP/Components/lsm6dsr/lsm6dsr.o
                0x0800829e                LSM6DSR_Read_Reg
 .text.LSM6DSR_Write_Reg
                0x080082d2       0x36 ./Drivers/BSP/Components/lsm6dsr/lsm6dsr.o
                0x080082d2                LSM6DSR_Write_Reg
 .text.LSM6DSR_ACC_SetOutputDataRate_When_Enabled
                0x08008308      0x118 ./Drivers/BSP/Components/lsm6dsr/lsm6dsr.o
 .text.LSM6DSR_ACC_SetOutputDataRate_When_Disabled
                0x08008420      0x104 ./Drivers/BSP/Components/lsm6dsr/lsm6dsr.o
 .text.LSM6DSR_GYRO_SetOutputDataRate_When_Enabled
                0x08008524      0x118 ./Drivers/BSP/Components/lsm6dsr/lsm6dsr.o
 .text.LSM6DSR_GYRO_SetOutputDataRate_When_Disabled
                0x0800863c      0x104 ./Drivers/BSP/Components/lsm6dsr/lsm6dsr.o
 .text.ReadRegWrap
                0x08008740       0x36 ./Drivers/BSP/Components/lsm6dsr/lsm6dsr.o
 .text.WriteRegWrap
                0x08008776       0x36 ./Drivers/BSP/Components/lsm6dsr/lsm6dsr.o
 .text.lsm6dsr_read_reg
                0x080087ac       0x30 ./Drivers/BSP/Components/lsm6dsr/lsm6dsr_reg.o
                0x080087ac                lsm6dsr_read_reg
 .text.lsm6dsr_write_reg
                0x080087dc       0x30 ./Drivers/BSP/Components/lsm6dsr/lsm6dsr_reg.o
                0x080087dc                lsm6dsr_write_reg
 .text.lsm6dsr_xl_full_scale_set
                0x0800880c       0x4c ./Drivers/BSP/Components/lsm6dsr/lsm6dsr_reg.o
                0x0800880c                lsm6dsr_xl_full_scale_set
 .text.lsm6dsr_xl_full_scale_get
                0x08008858       0x70 ./Drivers/BSP/Components/lsm6dsr/lsm6dsr_reg.o
                0x08008858                lsm6dsr_xl_full_scale_get
 .text.lsm6dsr_xl_data_rate_set
                0x080088c8      0x1f4 ./Drivers/BSP/Components/lsm6dsr/lsm6dsr_reg.o
                0x080088c8                lsm6dsr_xl_data_rate_set
 .text.lsm6dsr_xl_data_rate_get
                0x08008abc       0xd0 ./Drivers/BSP/Components/lsm6dsr/lsm6dsr_reg.o
                0x08008abc                lsm6dsr_xl_data_rate_get
 .text.lsm6dsr_gy_full_scale_set
                0x08008b8c       0x4c ./Drivers/BSP/Components/lsm6dsr/lsm6dsr_reg.o
                0x08008b8c                lsm6dsr_gy_full_scale_set
 .text.lsm6dsr_gy_full_scale_get
                0x08008bd8       0xa4 ./Drivers/BSP/Components/lsm6dsr/lsm6dsr_reg.o
                0x08008bd8                lsm6dsr_gy_full_scale_get
 .text.lsm6dsr_gy_data_rate_set
                0x08008c7c      0x1f4 ./Drivers/BSP/Components/lsm6dsr/lsm6dsr_reg.o
                0x08008c7c                lsm6dsr_gy_data_rate_set
 .text.lsm6dsr_gy_data_rate_get
                0x08008e70       0xc4 ./Drivers/BSP/Components/lsm6dsr/lsm6dsr_reg.o
                0x08008e70                lsm6dsr_gy_data_rate_get
 .text.lsm6dsr_block_data_update_set
                0x08008f34       0x4c ./Drivers/BSP/Components/lsm6dsr/lsm6dsr_reg.o
                0x08008f34                lsm6dsr_block_data_update_set
 .text.lsm6dsr_angular_rate_raw_get
                0x08008f80       0x90 ./Drivers/BSP/Components/lsm6dsr/lsm6dsr_reg.o
                0x08008f80                lsm6dsr_angular_rate_raw_get
 .text.lsm6dsr_acceleration_raw_get
                0x08009010       0x90 ./Drivers/BSP/Components/lsm6dsr/lsm6dsr_reg.o
                0x08009010                lsm6dsr_acceleration_raw_get
 .text.lsm6dsr_mem_bank_set
                0x080090a0       0x4c ./Drivers/BSP/Components/lsm6dsr/lsm6dsr_reg.o
                0x080090a0                lsm6dsr_mem_bank_set
 .text.lsm6dsr_device_id_get
                0x080090ec       0x22 ./Drivers/BSP/Components/lsm6dsr/lsm6dsr_reg.o
                0x080090ec                lsm6dsr_device_id_get
 .text.lsm6dsr_auto_increment_set
                0x0800910e       0x4c ./Drivers/BSP/Components/lsm6dsr/lsm6dsr_reg.o
                0x0800910e                lsm6dsr_auto_increment_set
 .text.lsm6dsr_i3c_disable_set
                0x0800915a       0x8c ./Drivers/BSP/Components/lsm6dsr/lsm6dsr_reg.o
                0x0800915a                lsm6dsr_i3c_disable_set
 .text.lsm6dsr_fifo_mode_set
                0x080091e6       0x4c ./Drivers/BSP/Components/lsm6dsr/lsm6dsr_reg.o
                0x080091e6                lsm6dsr_fifo_mode_set
 .text.lsm6dsr_fsm_enable_get
                0x08009232       0x58 ./Drivers/BSP/Components/lsm6dsr/lsm6dsr_reg.o
                0x08009232                lsm6dsr_fsm_enable_get
 *fill*         0x0800928a        0x2 
 .text.lsm6dsr_fsm_data_rate_get
                0x0800928c       0x90 ./Drivers/BSP/Components/lsm6dsr/lsm6dsr_reg.o
                0x0800928c                lsm6dsr_fsm_data_rate_get
 .text.HAL_Init
                0x0800931c       0x44 ./Drivers/STM32F4xx_HAL_Driver/Src/stm32f4xx_hal.o
                0x0800931c                HAL_Init
 .text.HAL_InitTick
                0x08009360       0x60 ./Drivers/STM32F4xx_HAL_Driver/Src/stm32f4xx_hal.o
                0x08009360                HAL_InitTick
 .text.HAL_IncTick
                0x080093c0       0x28 ./Drivers/STM32F4xx_HAL_Driver/Src/stm32f4xx_hal.o
                0x080093c0                HAL_IncTick
 .text.HAL_GetTick
                0x080093e8       0x18 ./Drivers/STM32F4xx_HAL_Driver/Src/stm32f4xx_hal.o
                0x080093e8                HAL_GetTick
 .text.HAL_Delay
                0x08009400       0x48 ./Drivers/STM32F4xx_HAL_Driver/Src/stm32f4xx_hal.o
                0x08009400                HAL_Delay
 .text.HAL_GetHalVersion
                0x08009448       0x14 ./Drivers/STM32F4xx_HAL_Driver/Src/stm32f4xx_hal.o
                0x08009448                HAL_GetHalVersion
 .text.HAL_ADC_Init
                0x0800945c       0x86 ./Drivers/STM32F4xx_HAL_Driver/Src/stm32f4xx_hal_adc.o
                0x0800945c                HAL_ADC_Init
 *fill*         0x080094e2        0x2 
 .text.HAL_ADC_Start
                0x080094e4      0x168 ./Drivers/STM32F4xx_HAL_Driver/Src/stm32f4xx_hal_adc.o
                0x080094e4                HAL_ADC_Start
 .text.HAL_ADC_Stop
                0x0800964c       0x66 ./Drivers/STM32F4xx_HAL_Driver/Src/stm32f4xx_hal_adc.o
                0x0800964c                HAL_ADC_Stop
 .text.HAL_ADC_PollForConversion
                0x080096b2      0x116 ./Drivers/STM32F4xx_HAL_Driver/Src/stm32f4xx_hal_adc.o
                0x080096b2                HAL_ADC_PollForConversion
 .text.HAL_ADC_GetValue
                0x080097c8       0x1a ./Drivers/STM32F4xx_HAL_Driver/Src/stm32f4xx_hal_adc.o
                0x080097c8                HAL_ADC_GetValue
 *fill*         0x080097e2        0x2 
 .text.HAL_ADC_ConfigChannel
                0x080097e4      0x244 ./Drivers/STM32F4xx_HAL_Driver/Src/stm32f4xx_hal_adc.o
                0x080097e4                HAL_ADC_ConfigChannel
 .text.ADC_Init
                0x08009a28      0x1f8 ./Drivers/STM32F4xx_HAL_Driver/Src/stm32f4xx_hal_adc.o
 .text.__NVIC_SetPriorityGrouping
                0x08009c20       0x48 ./Drivers/STM32F4xx_HAL_Driver/Src/stm32f4xx_hal_cortex.o
 .text.__NVIC_GetPriorityGrouping
                0x08009c68       0x1c ./Drivers/STM32F4xx_HAL_Driver/Src/stm32f4xx_hal_cortex.o
 .text.__NVIC_EnableIRQ
                0x08009c84       0x3c ./Drivers/STM32F4xx_HAL_Driver/Src/stm32f4xx_hal_cortex.o
 .text.__NVIC_DisableIRQ
                0x08009cc0       0x48 ./Drivers/STM32F4xx_HAL_Driver/Src/stm32f4xx_hal_cortex.o
 .text.__NVIC_SetPriority
                0x08009d08       0x54 ./Drivers/STM32F4xx_HAL_Driver/Src/stm32f4xx_hal_cortex.o
 .text.NVIC_EncodePriority
                0x08009d5c       0x66 ./Drivers/STM32F4xx_HAL_Driver/Src/stm32f4xx_hal_cortex.o
 *fill*         0x08009dc2        0x2 
 .text.SysTick_Config
                0x08009dc4       0x44 ./Drivers/STM32F4xx_HAL_Driver/Src/stm32f4xx_hal_cortex.o
 .text.HAL_NVIC_SetPriorityGrouping
                0x08009e08       0x16 ./Drivers/STM32F4xx_HAL_Driver/Src/stm32f4xx_hal_cortex.o
                0x08009e08                HAL_NVIC_SetPriorityGrouping
 .text.HAL_NVIC_SetPriority
                0x08009e1e       0x38 ./Drivers/STM32F4xx_HAL_Driver/Src/stm32f4xx_hal_cortex.o
                0x08009e1e                HAL_NVIC_SetPriority
 .text.HAL_NVIC_EnableIRQ
                0x08009e56       0x1c ./Drivers/STM32F4xx_HAL_Driver/Src/stm32f4xx_hal_cortex.o
                0x08009e56                HAL_NVIC_EnableIRQ
 .text.HAL_NVIC_DisableIRQ
                0x08009e72       0x1c ./Drivers/STM32F4xx_HAL_Driver/Src/stm32f4xx_hal_cortex.o
                0x08009e72                HAL_NVIC_DisableIRQ
 .text.HAL_SYSTICK_Config
                0x08009e8e       0x18 ./Drivers/STM32F4xx_HAL_Driver/Src/stm32f4xx_hal_cortex.o
                0x08009e8e                HAL_SYSTICK_Config
 .text.HAL_DMA_Abort
                0x08009ea6       0xe0 ./Drivers/STM32F4xx_HAL_Driver/Src/stm32f4xx_hal_dma.o
                0x08009ea6                HAL_DMA_Abort
 .text.HAL_DMA_Abort_IT
                0x08009f86       0x44 ./Drivers/STM32F4xx_HAL_Driver/Src/stm32f4xx_hal_dma.o
                0x08009f86                HAL_DMA_Abort_IT
 *fill*         0x08009fca        0x2 
 .text.HAL_GPIO_Init
                0x08009fcc      0x308 ./Drivers/STM32F4xx_HAL_Driver/Src/stm32f4xx_hal_gpio.o
                0x08009fcc                HAL_GPIO_Init
 .text.HAL_GPIO_DeInit
                0x0800a2d4      0x1c8 ./Drivers/STM32F4xx_HAL_Driver/Src/stm32f4xx_hal_gpio.o
                0x0800a2d4                HAL_GPIO_DeInit
 .text.HAL_GPIO_ReadPin
                0x0800a49c       0x30 ./Drivers/STM32F4xx_HAL_Driver/Src/stm32f4xx_hal_gpio.o
                0x0800a49c                HAL_GPIO_ReadPin
 .text.HAL_GPIO_WritePin
                0x0800a4cc       0x32 ./Drivers/STM32F4xx_HAL_Driver/Src/stm32f4xx_hal_gpio.o
                0x0800a4cc                HAL_GPIO_WritePin
 .text.HAL_GPIO_TogglePin
                0x0800a4fe       0x34 ./Drivers/STM32F4xx_HAL_Driver/Src/stm32f4xx_hal_gpio.o
                0x0800a4fe                HAL_GPIO_TogglePin
 *fill*         0x0800a532        0x2 
 .text.HAL_GPIO_EXTI_IRQHandler
                0x0800a534       0x30 ./Drivers/STM32F4xx_HAL_Driver/Src/stm32f4xx_hal_gpio.o
                0x0800a534                HAL_GPIO_EXTI_IRQHandler
 .text.HAL_I2C_Init
                0x0800a564      0x288 ./Drivers/STM32F4xx_HAL_Driver/Src/stm32f4xx_hal_i2c.o
                0x0800a564                HAL_I2C_Init
 .text.HAL_RCC_OscConfig
                0x0800a7ec      0x4f0 ./Drivers/STM32F4xx_HAL_Driver/Src/stm32f4xx_hal_rcc.o
                0x0800a7ec                HAL_RCC_OscConfig
 .text.HAL_RCC_ClockConfig
                0x0800acdc      0x1cc ./Drivers/STM32F4xx_HAL_Driver/Src/stm32f4xx_hal_rcc.o
                0x0800acdc                HAL_RCC_ClockConfig
 .text.HAL_RCC_GetSysClockFreq
                0x0800aea8      0x208 ./Drivers/STM32F4xx_HAL_Driver/Src/stm32f4xx_hal_rcc.o
                0x0800aea8                HAL_RCC_GetSysClockFreq
 .text.HAL_RCC_GetHCLKFreq
                0x0800b0b0       0x18 ./Drivers/STM32F4xx_HAL_Driver/Src/stm32f4xx_hal_rcc.o
                0x0800b0b0                HAL_RCC_GetHCLKFreq
 .text.HAL_RCC_GetPCLK1Freq
                0x0800b0c8       0x28 ./Drivers/STM32F4xx_HAL_Driver/Src/stm32f4xx_hal_rcc.o
                0x0800b0c8                HAL_RCC_GetPCLK1Freq
 .text.HAL_RCC_GetPCLK2Freq
                0x0800b0f0       0x28 ./Drivers/STM32F4xx_HAL_Driver/Src/stm32f4xx_hal_rcc.o
                0x0800b0f0                HAL_RCC_GetPCLK2Freq
 .text.HAL_SPI_Init
                0x0800b118      0x112 ./Drivers/STM32F4xx_HAL_Driver/Src/stm32f4xx_hal_spi.o
                0x0800b118                HAL_SPI_Init
 .text.HAL_SPI_DeInit
                0x0800b22a       0x50 ./Drivers/STM32F4xx_HAL_Driver/Src/stm32f4xx_hal_spi.o
                0x0800b22a                HAL_SPI_DeInit
 .text.HAL_SPI_Transmit
                0x0800b27a      0x278 ./Drivers/STM32F4xx_HAL_Driver/Src/stm32f4xx_hal_spi.o
                0x0800b27a                HAL_SPI_Transmit
 .text.HAL_SPI_Receive
                0x0800b4f2      0x222 ./Drivers/STM32F4xx_HAL_Driver/Src/stm32f4xx_hal_spi.o
                0x0800b4f2                HAL_SPI_Receive
 .text.HAL_SPI_TransmitReceive
                0x0800b714      0x344 ./Drivers/STM32F4xx_HAL_Driver/Src/stm32f4xx_hal_spi.o
                0x0800b714                HAL_SPI_TransmitReceive
 .text.HAL_SPI_IRQHandler
                0x0800ba58      0x200 ./Drivers/STM32F4xx_HAL_Driver/Src/stm32f4xx_hal_spi.o
                0x0800ba58                HAL_SPI_IRQHandler
 .text.HAL_SPI_ErrorCallback
                0x0800bc58       0x14 ./Drivers/STM32F4xx_HAL_Driver/Src/stm32f4xx_hal_spi.o
                0x0800bc58                HAL_SPI_ErrorCallback
 .text.HAL_SPI_GetState
                0x0800bc6c       0x1c ./Drivers/STM32F4xx_HAL_Driver/Src/stm32f4xx_hal_spi.o
                0x0800bc6c                HAL_SPI_GetState
 .text.SPI_DMAAbortOnError
                0x0800bc88       0x28 ./Drivers/STM32F4xx_HAL_Driver/Src/stm32f4xx_hal_spi.o
 .text.SPI_WaitFlagStateUntilTimeout
                0x0800bcb0      0x110 ./Drivers/STM32F4xx_HAL_Driver/Src/stm32f4xx_hal_spi.o
 .text.SPI_EndRxTransaction
                0x0800bdc0       0xca ./Drivers/STM32F4xx_HAL_Driver/Src/stm32f4xx_hal_spi.o
 *fill*         0x0800be8a        0x2 
 .text.SPI_EndRxTxTransaction
                0x0800be8c       0x84 ./Drivers/STM32F4xx_HAL_Driver/Src/stm32f4xx_hal_spi.o
 .text.HAL_TIM_Base_Init
                0x0800bf10       0x9e ./Drivers/STM32F4xx_HAL_Driver/Src/stm32f4xx_hal_tim.o
                0x0800bf10                HAL_TIM_Base_Init
 *fill*         0x0800bfae        0x2 
 .text.HAL_TIM_Base_Start_IT
                0x0800bfb0       0xc4 ./Drivers/STM32F4xx_HAL_Driver/Src/stm32f4xx_hal_tim.o
                0x0800bfb0                HAL_TIM_Base_Start_IT
 .text.HAL_TIM_PWM_Init
                0x0800c074       0x9e ./Drivers/STM32F4xx_HAL_Driver/Src/stm32f4xx_hal_tim.o
                0x0800c074                HAL_TIM_PWM_Init
 .text.HAL_TIM_PWM_MspInit
                0x0800c112       0x14 ./Drivers/STM32F4xx_HAL_Driver/Src/stm32f4xx_hal_tim.o
                0x0800c112                HAL_TIM_PWM_MspInit
 *fill*         0x0800c126        0x2 
 .text.HAL_TIM_PWM_Start
                0x0800c128      0x160 ./Drivers/STM32F4xx_HAL_Driver/Src/stm32f4xx_hal_tim.o
                0x0800c128                HAL_TIM_PWM_Start
 .text.HAL_TIM_IC_Init
                0x0800c288       0x9e ./Drivers/STM32F4xx_HAL_Driver/Src/stm32f4xx_hal_tim.o
                0x0800c288                HAL_TIM_IC_Init
 .text.HAL_TIM_IC_MspInit
                0x0800c326       0x14 ./Drivers/STM32F4xx_HAL_Driver/Src/stm32f4xx_hal_tim.o
                0x0800c326                HAL_TIM_IC_MspInit
 *fill*         0x0800c33a        0x2 
 .text.HAL_TIM_IC_Start_IT
                0x0800c33c      0x228 ./Drivers/STM32F4xx_HAL_Driver/Src/stm32f4xx_hal_tim.o
                0x0800c33c                HAL_TIM_IC_Start_IT
 .text.HAL_TIM_IRQHandler
                0x0800c564      0x210 ./Drivers/STM32F4xx_HAL_Driver/Src/stm32f4xx_hal_tim.o
                0x0800c564                HAL_TIM_IRQHandler
 .text.HAL_TIM_IC_ConfigChannel
                0x0800c774      0x128 ./Drivers/STM32F4xx_HAL_Driver/Src/stm32f4xx_hal_tim.o
                0x0800c774                HAL_TIM_IC_ConfigChannel
 .text.HAL_TIM_PWM_ConfigChannel
                0x0800c89c      0x17c ./Drivers/STM32F4xx_HAL_Driver/Src/stm32f4xx_hal_tim.o
                0x0800c89c                HAL_TIM_PWM_ConfigChannel
 .text.HAL_TIM_ConfigClockSource
                0x0800ca18      0x188 ./Drivers/STM32F4xx_HAL_Driver/Src/stm32f4xx_hal_tim.o
                0x0800ca18                HAL_TIM_ConfigClockSource
 .text.HAL_TIM_OC_DelayElapsedCallback
                0x0800cba0       0x14 ./Drivers/STM32F4xx_HAL_Driver/Src/stm32f4xx_hal_tim.o
                0x0800cba0                HAL_TIM_OC_DelayElapsedCallback
 .text.HAL_TIM_PWM_PulseFinishedCallback
                0x0800cbb4       0x14 ./Drivers/STM32F4xx_HAL_Driver/Src/stm32f4xx_hal_tim.o
                0x0800cbb4                HAL_TIM_PWM_PulseFinishedCallback
 .text.HAL_TIM_TriggerCallback
                0x0800cbc8       0x14 ./Drivers/STM32F4xx_HAL_Driver/Src/stm32f4xx_hal_tim.o
                0x0800cbc8                HAL_TIM_TriggerCallback
 .text.TIM_Base_SetConfig
                0x0800cbdc      0x100 ./Drivers/STM32F4xx_HAL_Driver/Src/stm32f4xx_hal_tim.o
                0x0800cbdc                TIM_Base_SetConfig
 .text.TIM_OC1_SetConfig
                0x0800ccdc       0xcc ./Drivers/STM32F4xx_HAL_Driver/Src/stm32f4xx_hal_tim.o
 .text.TIM_OC2_SetConfig
                0x0800cda8       0xd8 ./Drivers/STM32F4xx_HAL_Driver/Src/stm32f4xx_hal_tim.o
                0x0800cda8                TIM_OC2_SetConfig
 .text.TIM_OC3_SetConfig
                0x0800ce80       0xd4 ./Drivers/STM32F4xx_HAL_Driver/Src/stm32f4xx_hal_tim.o
 .text.TIM_OC4_SetConfig
                0x0800cf54       0xa0 ./Drivers/STM32F4xx_HAL_Driver/Src/stm32f4xx_hal_tim.o
 .text.TIM_TI1_SetConfig
                0x0800cff4       0xd0 ./Drivers/STM32F4xx_HAL_Driver/Src/stm32f4xx_hal_tim.o
                0x0800cff4                TIM_TI1_SetConfig
 .text.TIM_TI1_ConfigInputStage
                0x0800d0c4       0x5e ./Drivers/STM32F4xx_HAL_Driver/Src/stm32f4xx_hal_tim.o
 .text.TIM_TI2_SetConfig
                0x0800d122       0x7a ./Drivers/STM32F4xx_HAL_Driver/Src/stm32f4xx_hal_tim.o
 .text.TIM_TI2_ConfigInputStage
                0x0800d19c       0x60 ./Drivers/STM32F4xx_HAL_Driver/Src/stm32f4xx_hal_tim.o
 .text.TIM_TI3_SetConfig
                0x0800d1fc       0x78 ./Drivers/STM32F4xx_HAL_Driver/Src/stm32f4xx_hal_tim.o
 .text.TIM_TI4_SetConfig
                0x0800d274       0x7a ./Drivers/STM32F4xx_HAL_Driver/Src/stm32f4xx_hal_tim.o
 .text.TIM_ITRx_SetConfig
                0x0800d2ee       0x36 ./Drivers/STM32F4xx_HAL_Driver/Src/stm32f4xx_hal_tim.o
 .text.TIM_ETR_SetConfig
                0x0800d324       0x40 ./Drivers/STM32F4xx_HAL_Driver/Src/stm32f4xx_hal_tim.o
                0x0800d324                TIM_ETR_SetConfig
 .text.TIM_CCxChannelCmd
                0x0800d364       0x4a ./Drivers/STM32F4xx_HAL_Driver/Src/stm32f4xx_hal_tim.o
                0x0800d364                TIM_CCxChannelCmd
 *fill*         0x0800d3ae        0x2 
 .text.HAL_TIMEx_MasterConfigSynchronization
                0x0800d3b0       0xdc ./Drivers/STM32F4xx_HAL_Driver/Src/stm32f4xx_hal_tim_ex.o
                0x0800d3b0                HAL_TIMEx_MasterConfigSynchronization
 .text.HAL_TIMEx_CommutCallback
                0x0800d48c       0x14 ./Drivers/STM32F4xx_HAL_Driver/Src/stm32f4xx_hal_tim_ex.o
                0x0800d48c                HAL_TIMEx_CommutCallback
 .text.HAL_TIMEx_BreakCallback
                0x0800d4a0       0x14 ./Drivers/STM32F4xx_HAL_Driver/Src/stm32f4xx_hal_tim_ex.o
                0x0800d4a0                HAL_TIMEx_BreakCallback
 .text.HAL_UART_Init
                0x0800d4b4       0x9a ./Drivers/STM32F4xx_HAL_Driver/Src/stm32f4xx_hal_uart.o
                0x0800d4b4                HAL_UART_Init
 .text.HAL_UART_Transmit
                0x0800d54e      0x124 ./Drivers/STM32F4xx_HAL_Driver/Src/stm32f4xx_hal_uart.o
                0x0800d54e                HAL_UART_Transmit
 *fill*         0x0800d672        0x2 
 .text.HAL_UART_IRQHandler
                0x0800d674      0x358 ./Drivers/STM32F4xx_HAL_Driver/Src/stm32f4xx_hal_uart.o
                0x0800d674                HAL_UART_IRQHandler
 .text.HAL_UART_TxCpltCallback
                0x0800d9cc       0x14 ./Drivers/STM32F4xx_HAL_Driver/Src/stm32f4xx_hal_uart.o
                0x0800d9cc                HAL_UART_TxCpltCallback
 .text.HAL_UART_RxCpltCallback
                0x0800d9e0       0x14 ./Drivers/STM32F4xx_HAL_Driver/Src/stm32f4xx_hal_uart.o
                0x0800d9e0                HAL_UART_RxCpltCallback
 .text.HAL_UART_ErrorCallback
                0x0800d9f4       0x14 ./Drivers/STM32F4xx_HAL_Driver/Src/stm32f4xx_hal_uart.o
                0x0800d9f4                HAL_UART_ErrorCallback
 .text.HAL_UARTEx_RxEventCallback
                0x0800da08       0x18 ./Drivers/STM32F4xx_HAL_Driver/Src/stm32f4xx_hal_uart.o
                0x0800da08                HAL_UARTEx_RxEventCallback
 .text.UART_WaitOnFlagUntilTimeout
                0x0800da20       0x94 ./Drivers/STM32F4xx_HAL_Driver/Src/stm32f4xx_hal_uart.o
 .text.UART_EndRxTransfer
                0x0800dab4       0x5a ./Drivers/STM32F4xx_HAL_Driver/Src/stm32f4xx_hal_uart.o
 .text.UART_DMAAbortOnError
                0x0800db0e       0x28 ./Drivers/STM32F4xx_HAL_Driver/Src/stm32f4xx_hal_uart.o
 .text.UART_Transmit_IT
                0x0800db36       0xa0 ./Drivers/STM32F4xx_HAL_Driver/Src/stm32f4xx_hal_uart.o
 .text.UART_EndTransmit_IT
                0x0800dbd6       0x30 ./Drivers/STM32F4xx_HAL_Driver/Src/stm32f4xx_hal_uart.o
 .text.UART_Receive_IT
                0x0800dc06      0x12e ./Drivers/STM32F4xx_HAL_Driver/Src/stm32f4xx_hal_uart.o
 .text.UART_SetConfig
                0x0800dd34      0x4e8 ./Drivers/STM32F4xx_HAL_Driver/Src/stm32f4xx_hal_uart.o
 .text.aci_gap_init_IDB05A1
                0x0800e21c       0xa0 ./Middlewares/HCI/Controller/bluenrg_gap_aci.o
                0x0800e21c                aci_gap_init_IDB05A1
 .text.aci_gap_set_discoverable
                0x0800e2bc      0x1ec ./Middlewares/HCI/Controller/bluenrg_gap_aci.o
                0x0800e2bc                aci_gap_set_discoverable
 .text.aci_gap_set_auth_requirement
                0x0800e4a8       0xa2 ./Middlewares/HCI/Controller/bluenrg_gap_aci.o
                0x0800e4a8                aci_gap_set_auth_requirement
 .text.aci_gap_update_adv_data
                0x0800e54a       0xa2 ./Middlewares/HCI/Controller/bluenrg_gap_aci.o
                0x0800e54a                aci_gap_update_adv_data
 .text.aci_gatt_init
                0x0800e5ec       0x46 ./Middlewares/HCI/Controller/bluenrg_gatt_aci.o
                0x0800e5ec                aci_gatt_init
 .text.aci_gatt_add_serv
                0x0800e632      0x112 ./Middlewares/HCI/Controller/bluenrg_gatt_aci.o
                0x0800e632                aci_gatt_add_serv
 .text.aci_gatt_add_char
                0x0800e744      0x19c ./Middlewares/HCI/Controller/bluenrg_gatt_aci.o
                0x0800e744                aci_gatt_add_char
 .text.aci_gatt_update_char_value
                0x0800e8e0      0x12c ./Middlewares/HCI/Controller/bluenrg_gatt_aci.o
                0x0800e8e0                aci_gatt_update_char_value
 .text.aci_gatt_allow_read
                0x0800ea0c       0x5a ./Middlewares/HCI/Controller/bluenrg_gatt_aci.o
                0x0800ea0c                aci_gatt_allow_read
 .text.aci_hal_set_tx_power_level
                0x0800ea66       0x62 ./Middlewares/HCI/Controller/bluenrg_hal_aci.o
                0x0800ea66                aci_hal_set_tx_power_level
 .text.aci_l2cap_connection_parameter_update_request
                0x0800eac8       0x84 ./Middlewares/HCI/Controller/bluenrg_l2cap_aci.o
                0x0800eac8                aci_l2cap_connection_parameter_update_request
 .text.getBlueNRGVersion
                0x0800eb4c       0x98 ./Middlewares/HCI/Controller/bluenrg_utils.o
                0x0800eb4c                getBlueNRGVersion
 .text.HCI_Init
                0x0800ebe4       0x50 ./Middlewares/HCI/hci.o
                0x0800ebe4                HCI_Init
 .text.HCI_verify
                0x0800ec34       0x40 ./Middlewares/HCI/hci.o
                0x0800ec34                HCI_verify
 .text.HCI_Process
                0x0800ec74       0x68 ./Middlewares/HCI/hci.o
                0x0800ec74                HCI_Process
 .text.HCI_Queue_Empty
                0x0800ecdc       0x14 ./Middlewares/HCI/hci.o
                0x0800ecdc                HCI_Queue_Empty
 .text.HCI_Isr  0x0800ecf0       0xa0 ./Middlewares/HCI/hci.o
                0x0800ecf0                HCI_Isr
 .text.hci_write
                0x0800ed90       0x2a ./Middlewares/HCI/hci.o
                0x0800ed90                hci_write
 .text.hci_send_cmd
                0x0800edba       0x5e ./Middlewares/HCI/hci.o
                0x0800edba                hci_send_cmd
 .text.move_list
                0x0800ee18       0x38 ./Middlewares/HCI/hci.o
 .text.free_event_list
                0x0800ee50       0x44 ./Middlewares/HCI/hci.o
 .text.hci_send_req
                0x0800ee94      0x260 ./Middlewares/HCI/hci.o
                0x0800ee94                hci_send_req
 .text.hci_le_read_local_version
                0x0800f0f4       0x94 ./Middlewares/HCI/hci.o
                0x0800f0f4                hci_le_read_local_version
 .text.hci_le_set_scan_resp_data
                0x0800f188       0x82 ./Middlewares/HCI/hci.o
                0x0800f188                hci_le_set_scan_resp_data
 .text.hci_le_set_random_address
                0x0800f20a       0x6e ./Middlewares/HCI/hci.o
                0x0800f20a                hci_le_set_random_address
 .text.hci_read_rssi
                0x0800f278       0x84 ./Middlewares/HCI/hci.o
                0x0800f278                hci_read_rssi
 .text.list_init_head
                0x0800f2fc       0x20 ./Middlewares/Utils/ble_list.o
                0x0800f2fc                list_init_head
 .text.list_is_empty
                0x0800f31c       0x44 ./Middlewares/Utils/ble_list.o
                0x0800f31c                list_is_empty
 .text.list_insert_head
                0x0800f360       0x4c ./Middlewares/Utils/ble_list.o
                0x0800f360                list_insert_head
 .text.list_insert_tail
                0x0800f3ac       0x4c ./Middlewares/Utils/ble_list.o
                0x0800f3ac                list_insert_tail
 .text.list_remove_node
                0x0800f3f8       0x42 ./Middlewares/Utils/ble_list.o
                0x0800f3f8                list_remove_node
 .text.list_remove_head
                0x0800f43a       0x4e ./Middlewares/Utils/ble_list.o
                0x0800f43a                list_remove_head
 .text.list_remove_tail
                0x0800f488       0x4e ./Middlewares/Utils/ble_list.o
                0x0800f488                list_remove_tail
 .text.list_get_size
                0x0800f4d6       0x50 ./Middlewares/Utils/ble_list.o
                0x0800f4d6                list_get_size
 .text.Timer_Set
                0x0800f526       0x22 ./Middlewares/Utils/gp_timer.o
                0x0800f526                Timer_Set
 .text.Timer_Expired
                0x0800f548       0x30 ./Middlewares/Utils/gp_timer.o
                0x0800f548                Timer_Expired
 .text.Osal_MemCpy
                0x0800f578       0x20 ./Middlewares/Utils/osal.o
                0x0800f578                Osal_MemCpy
 .text.Osal_MemSet
                0x0800f598       0x20 ./Middlewares/Utils/osal.o
                0x0800f598                Osal_MemSet
 .text.CUSTOM_ENV_SENSOR_Init
                0x0800f5b8      0x110 ./X-CUBE-MEMS1/Target/custom_env_sensors.o
                0x0800f5b8                CUSTOM_ENV_SENSOR_Init
 .text.CUSTOM_ENV_SENSOR_Enable
                0x0800f6c8       0x84 ./X-CUBE-MEMS1/Target/custom_env_sensors.o
                0x0800f6c8                CUSTOM_ENV_SENSOR_Enable
 .text.CUSTOM_ENV_SENSOR_GetValue
                0x0800f74c       0x88 ./X-CUBE-MEMS1/Target/custom_env_sensors.o
                0x0800f74c                CUSTOM_ENV_SENSOR_GetValue
 .text.LPS22HH_0_Probe
                0x0800f7d4      0x174 ./X-CUBE-MEMS1/Target/custom_env_sensors.o
 .text.CUSTOM_LPS22HH_0_Init
                0x0800f948       0x24 ./X-CUBE-MEMS1/Target/custom_env_sensors.o
 .text.CUSTOM_LPS22HH_0_DeInit
                0x0800f96c       0x24 ./X-CUBE-MEMS1/Target/custom_env_sensors.o
 .text.CUSTOM_LPS22HH_0_WriteReg
                0x0800f990       0x74 ./X-CUBE-MEMS1/Target/custom_env_sensors.o
 .text.CUSTOM_LPS22HH_0_ReadReg
                0x0800fa04       0x80 ./X-CUBE-MEMS1/Target/custom_env_sensors.o
 .text.CUSTOM_MOTION_SENSOR_Init
                0x0800fa84      0x110 ./X-CUBE-MEMS1/Target/custom_motion_sensors.o
                0x0800fa84                CUSTOM_MOTION_SENSOR_Init
 .text.CUSTOM_MOTION_SENSOR_Enable
                0x0800fb94       0x84 ./X-CUBE-MEMS1/Target/custom_motion_sensors.o
                0x0800fb94                CUSTOM_MOTION_SENSOR_Enable
 .text.CUSTOM_MOTION_SENSOR_GetAxesRaw
                0x0800fc18       0x88 ./X-CUBE-MEMS1/Target/custom_motion_sensors.o
                0x0800fc18                CUSTOM_MOTION_SENSOR_GetAxesRaw
 .text.CUSTOM_MOTION_SENSOR_SetOutputDataRate
                0x0800fca0       0x8c ./X-CUBE-MEMS1/Target/custom_motion_sensors.o
                0x0800fca0                CUSTOM_MOTION_SENSOR_SetOutputDataRate
 .text.CUSTOM_MOTION_SENSOR_SetFullScale
                0x0800fd2c       0x88 ./X-CUBE-MEMS1/Target/custom_motion_sensors.o
                0x0800fd2c                CUSTOM_MOTION_SENSOR_SetFullScale
 .text.LSM6DSR_0_Probe
                0x0800fdb4      0x178 ./X-CUBE-MEMS1/Target/custom_motion_sensors.o
 .text.CUSTOM_LSM6DSR_0_Init
                0x0800ff2c       0x24 ./X-CUBE-MEMS1/Target/custom_motion_sensors.o
 .text.CUSTOM_LSM6DSR_0_DeInit
                0x0800ff50       0x24 ./X-CUBE-MEMS1/Target/custom_motion_sensors.o
 .text.CUSTOM_LSM6DSR_0_WriteReg
                0x0800ff74       0x74 ./X-CUBE-MEMS1/Target/custom_motion_sensors.o
 .text.CUSTOM_LSM6DSR_0_ReadReg
                0x0800ffe8       0x80 ./X-CUBE-MEMS1/Target/custom_motion_sensors.o
 .text.CUSTOM_MOTION_SENSOR_Read_Register
                0x08010068       0x50 ./X-CUBE-MEMS1/Target/custom_motion_sensors_ex.o
                0x08010068                CUSTOM_MOTION_SENSOR_Read_Register
 .text.CUSTOM_MOTION_SENSOR_Write_Register
                0x080100b8       0x54 ./X-CUBE-MEMS1/Target/custom_motion_sensors_ex.o
                0x080100b8                CUSTOM_MOTION_SENSOR_Write_Register
 .text.sprintf  0x0801010c       0x44 C:/ST/STM32CubeIDE_1.16.0/STM32CubeIDE/plugins/com.st.stm32cube.ide.mcu.externaltools.gnu-tools-for-stm32.13.3.rel1.win32_1.0.0.202411081344/tools/bin/../lib/gcc/arm-none-eabi/13.3.1/../../../../arm-none-eabi/lib/thumb/v7e-m+fp/hard\libc_nano.a(libc_a-sprintf.o)
                0x0801010c                siprintf
                0x0801010c                sprintf
 .text._vsnprintf_r
                0x08010150       0x5c C:/ST/STM32CubeIDE_1.16.0/STM32CubeIDE/plugins/com.st.stm32cube.ide.mcu.externaltools.gnu-tools-for-stm32.13.3.rel1.win32_1.0.0.202411081344/tools/bin/../lib/gcc/arm-none-eabi/13.3.1/../../../../arm-none-eabi/lib/thumb/v7e-m+fp/hard\libc_nano.a(libc_a-vsnprintf.o)
                0x08010150                _vsniprintf_r
                0x08010150                _vsnprintf_r
 .text.vsnprintf
                0x080101ac       0x1c C:/ST/STM32CubeIDE_1.16.0/STM32CubeIDE/plugins/com.st.stm32cube.ide.mcu.externaltools.gnu-tools-for-stm32.13.3.rel1.win32_1.0.0.202411081344/tools/bin/../lib/gcc/arm-none-eabi/13.3.1/../../../../arm-none-eabi/lib/thumb/v7e-m+fp/hard\libc_nano.a(libc_a-vsnprintf.o)
                0x080101ac                vsniprintf
                0x080101ac                vsnprintf
 .text.memset   0x080101c8       0x10 C:/ST/STM32CubeIDE_1.16.0/STM32CubeIDE/plugins/com.st.stm32cube.ide.mcu.externaltools.gnu-tools-for-stm32.13.3.rel1.win32_1.0.0.202411081344/tools/bin/../lib/gcc/arm-none-eabi/13.3.1/../../../../arm-none-eabi/lib/thumb/v7e-m+fp/hard\libc_nano.a(libc_a-memset.o)
                0x080101c8                memset
 .text.strncmp  0x080101d8       0x24 C:/ST/STM32CubeIDE_1.16.0/STM32CubeIDE/plugins/com.st.stm32cube.ide.mcu.externaltools.gnu-tools-for-stm32.13.3.rel1.win32_1.0.0.202411081344/tools/bin/../lib/gcc/arm-none-eabi/13.3.1/../../../../arm-none-eabi/lib/thumb/v7e-m+fp/hard\libc_nano.a(libc_a-strncmp.o)
                0x080101d8                strncmp
 .text.__errno  0x080101fc        0xc C:/ST/STM32CubeIDE_1.16.0/STM32CubeIDE/plugins/com.st.stm32cube.ide.mcu.externaltools.gnu-tools-for-stm32.13.3.rel1.win32_1.0.0.202411081344/tools/bin/../lib/gcc/arm-none-eabi/13.3.1/../../../../arm-none-eabi/lib/thumb/v7e-m+fp/hard\libc_nano.a(libc_a-errno.o)
                0x080101fc                __errno
 .text.__libc_init_array
                0x08010208       0x48 C:/ST/STM32CubeIDE_1.16.0/STM32CubeIDE/plugins/com.st.stm32cube.ide.mcu.externaltools.gnu-tools-for-stm32.13.3.rel1.win32_1.0.0.202411081344/tools/bin/../lib/gcc/arm-none-eabi/13.3.1/../../../../arm-none-eabi/lib/thumb/v7e-m+fp/hard\libc_nano.a(libc_a-init.o)
                0x08010208                __libc_init_array
 .text.__retarget_lock_acquire_recursive
                0x08010250        0x2 C:/ST/STM32CubeIDE_1.16.0/STM32CubeIDE/plugins/com.st.stm32cube.ide.mcu.externaltools.gnu-tools-for-stm32.13.3.rel1.win32_1.0.0.202411081344/tools/bin/../lib/gcc/arm-none-eabi/13.3.1/../../../../arm-none-eabi/lib/thumb/v7e-m+fp/hard\libc_nano.a(libc_a-lock.o)
                0x08010250                __retarget_lock_acquire_recursive
 .text.__retarget_lock_release_recursive
                0x08010252        0x2 C:/ST/STM32CubeIDE_1.16.0/STM32CubeIDE/plugins/com.st.stm32cube.ide.mcu.externaltools.gnu-tools-for-stm32.13.3.rel1.win32_1.0.0.202411081344/tools/bin/../lib/gcc/arm-none-eabi/13.3.1/../../../../arm-none-eabi/lib/thumb/v7e-m+fp/hard\libc_nano.a(libc_a-lock.o)
                0x08010252                __retarget_lock_release_recursive
 .text.memcpy   0x08010254       0x1c C:/ST/STM32CubeIDE_1.16.0/STM32CubeIDE/plugins/com.st.stm32cube.ide.mcu.externaltools.gnu-tools-for-stm32.13.3.rel1.win32_1.0.0.202411081344/tools/bin/../lib/gcc/arm-none-eabi/13.3.1/../../../../arm-none-eabi/lib/thumb/v7e-m+fp/hard\libc_nano.a(libc_a-memcpy-stub.o)
                0x08010254                memcpy
 .text._free_r  0x08010270       0x94 C:/ST/STM32CubeIDE_1.16.0/STM32CubeIDE/plugins/com.st.stm32cube.ide.mcu.externaltools.gnu-tools-for-stm32.13.3.rel1.win32_1.0.0.202411081344/tools/bin/../lib/gcc/arm-none-eabi/13.3.1/../../../../arm-none-eabi/lib/thumb/v7e-m+fp/hard\libc_nano.a(libc_a-freer.o)
                0x08010270                _free_r
 .text.sbrk_aligned
                0x08010304       0x44 C:/ST/STM32CubeIDE_1.16.0/STM32CubeIDE/plugins/com.st.stm32cube.ide.mcu.externaltools.gnu-tools-for-stm32.13.3.rel1.win32_1.0.0.202411081344/tools/bin/../lib/gcc/arm-none-eabi/13.3.1/../../../../arm-none-eabi/lib/thumb/v7e-m+fp/hard\libc_nano.a(libc_a-mallocr.o)
 .text._malloc_r
                0x08010348      0x100 C:/ST/STM32CubeIDE_1.16.0/STM32CubeIDE/plugins/com.st.stm32cube.ide.mcu.externaltools.gnu-tools-for-stm32.13.3.rel1.win32_1.0.0.202411081344/tools/bin/../lib/gcc/arm-none-eabi/13.3.1/../../../../arm-none-eabi/lib/thumb/v7e-m+fp/hard\libc_nano.a(libc_a-mallocr.o)
                0x08010348                _malloc_r
 .text.__malloc_lock
                0x08010448        0xc C:/ST/STM32CubeIDE_1.16.0/STM32CubeIDE/plugins/com.st.stm32cube.ide.mcu.externaltools.gnu-tools-for-stm32.13.3.rel1.win32_1.0.0.202411081344/tools/bin/../lib/gcc/arm-none-eabi/13.3.1/../../../../arm-none-eabi/lib/thumb/v7e-m+fp/hard\libc_nano.a(libc_a-mlock.o)
                0x08010448                __malloc_lock
 .text.__malloc_unlock
                0x08010454        0xc C:/ST/STM32CubeIDE_1.16.0/STM32CubeIDE/plugins/com.st.stm32cube.ide.mcu.externaltools.gnu-tools-for-stm32.13.3.rel1.win32_1.0.0.202411081344/tools/bin/../lib/gcc/arm-none-eabi/13.3.1/../../../../arm-none-eabi/lib/thumb/v7e-m+fp/hard\libc_nano.a(libc_a-mlock.o)
                0x08010454                __malloc_unlock
 .text.__ssputs_r
                0x08010460       0xb6 C:/ST/STM32CubeIDE_1.16.0/STM32CubeIDE/plugins/com.st.stm32cube.ide.mcu.externaltools.gnu-tools-for-stm32.13.3.rel1.win32_1.0.0.202411081344/tools/bin/../lib/gcc/arm-none-eabi/13.3.1/../../../../arm-none-eabi/lib/thumb/v7e-m+fp/hard\libc_nano.a(libc_a-nano-svfprintf.o)
                0x08010460                __ssputs_r
 *fill*         0x08010516        0x2 
 .text._svfprintf_r
                0x08010518      0x1f8 C:/ST/STM32CubeIDE_1.16.0/STM32CubeIDE/plugins/com.st.stm32cube.ide.mcu.externaltools.gnu-tools-for-stm32.13.3.rel1.win32_1.0.0.202411081344/tools/bin/../lib/gcc/arm-none-eabi/13.3.1/../../../../arm-none-eabi/lib/thumb/v7e-m+fp/hard\libc_nano.a(libc_a-nano-svfprintf.o)
                0x08010518                _svfiprintf_r
                0x08010518                _svfprintf_r
 .text._printf_common
                0x08010710       0xda C:/ST/STM32CubeIDE_1.16.0/STM32CubeIDE/plugins/com.st.stm32cube.ide.mcu.externaltools.gnu-tools-for-stm32.13.3.rel1.win32_1.0.0.202411081344/tools/bin/../lib/gcc/arm-none-eabi/13.3.1/../../../../arm-none-eabi/lib/thumb/v7e-m+fp/hard\libc_nano.a(libc_a-nano-vfprintf_i.o)
                0x08010710                _printf_common
 *fill*         0x080107ea        0x2 
 .text._printf_i
                0x080107ec      0x23c C:/ST/STM32CubeIDE_1.16.0/STM32CubeIDE/plugins/com.st.stm32cube.ide.mcu.externaltools.gnu-tools-for-stm32.13.3.rel1.win32_1.0.0.202411081344/tools/bin/../lib/gcc/arm-none-eabi/13.3.1/../../../../arm-none-eabi/lib/thumb/v7e-m+fp/hard\libc_nano.a(libc_a-nano-vfprintf_i.o)
                0x080107ec                _printf_i
 .text.memmove  0x08010a28       0x34 C:/ST/STM32CubeIDE_1.16.0/STM32CubeIDE/plugins/com.st.stm32cube.ide.mcu.externaltools.gnu-tools-for-stm32.13.3.rel1.win32_1.0.0.202411081344/tools/bin/../lib/gcc/arm-none-eabi/13.3.1/../../../../arm-none-eabi/lib/thumb/v7e-m+fp/hard\libc_nano.a(libc_a-memmove.o)
                0x08010a28                memmove
 .text._sbrk_r  0x08010a5c       0x20 C:/ST/STM32CubeIDE_1.16.0/STM32CubeIDE/plugins/com.st.stm32cube.ide.mcu.externaltools.gnu-tools-for-stm32.13.3.rel1.win32_1.0.0.202411081344/tools/bin/../lib/gcc/arm-none-eabi/13.3.1/../../../../arm-none-eabi/lib/thumb/v7e-m+fp/hard\libc_nano.a(libc_a-sbrkr.o)
                0x08010a5c                _sbrk_r
 .text._realloc_r
                0x08010a7c       0x5c C:/ST/STM32CubeIDE_1.16.0/STM32CubeIDE/plugins/com.st.stm32cube.ide.mcu.externaltools.gnu-tools-for-stm32.13.3.rel1.win32_1.0.0.202411081344/tools/bin/../lib/gcc/arm-none-eabi/13.3.1/../../../../arm-none-eabi/lib/thumb/v7e-m+fp/hard\libc_nano.a(libc_a-reallocr.o)
                0x08010a7c                _realloc_r
 .text._malloc_usable_size_r
                0x08010ad8       0x10 C:/ST/STM32CubeIDE_1.16.0/STM32CubeIDE/plugins/com.st.stm32cube.ide.mcu.externaltools.gnu-tools-for-stm32.13.3.rel1.win32_1.0.0.202411081344/tools/bin/../lib/gcc/arm-none-eabi/13.3.1/../../../../arm-none-eabi/lib/thumb/v7e-m+fp/hard\libc_nano.a(libc_a-msizer.o)
                0x08010ad8                _malloc_usable_size_r
 .text.asin     0x08010ae8       0x68 C:/ST/STM32CubeIDE_1.16.0/STM32CubeIDE/plugins/com.st.stm32cube.ide.mcu.externaltools.gnu-tools-for-stm32.13.3.rel1.win32_1.0.0.202411081344/tools/bin/../lib/gcc/arm-none-eabi/13.3.1/../../../../arm-none-eabi/lib/thumb/v7e-m+fp/hard\libm.a(libm_a-w_asin.o)
                0x08010ae8                asin
 .text.atan2    0x08010b50        0x4 C:/ST/STM32CubeIDE_1.16.0/STM32CubeIDE/plugins/com.st.stm32cube.ide.mcu.externaltools.gnu-tools-for-stm32.13.3.rel1.win32_1.0.0.202411081344/tools/bin/../lib/gcc/arm-none-eabi/13.3.1/../../../../arm-none-eabi/lib/thumb/v7e-m+fp/hard\libm.a(libm_a-w_atan2.o)
                0x08010b50                atan2
 .text.fabs     0x08010b54       0x10 C:/ST/STM32CubeIDE_1.16.0/STM32CubeIDE/plugins/com.st.stm32cube.ide.mcu.externaltools.gnu-tools-for-stm32.13.3.rel1.win32_1.0.0.202411081344/tools/bin/../lib/gcc/arm-none-eabi/13.3.1/../../../../arm-none-eabi/lib/thumb/v7e-m+fp/hard\libm.a(libm_a-s_fabs.o)
                0x08010b54                fabs
 *fill*         0x08010b64        0x4 
 .text.nan      0x08010b68       0x10 C:/ST/STM32CubeIDE_1.16.0/STM32CubeIDE/plugins/com.st.stm32cube.ide.mcu.externaltools.gnu-tools-for-stm32.13.3.rel1.win32_1.0.0.202411081344/tools/bin/../lib/gcc/arm-none-eabi/13.3.1/../../../../arm-none-eabi/lib/thumb/v7e-m+fp/hard\libm.a(libm_a-s_nan.o)
                0x08010b68                nan
 .text.__ieee754_asin
                0x08010b78      0x408 C:/ST/STM32CubeIDE_1.16.0/STM32CubeIDE/plugins/com.st.stm32cube.ide.mcu.externaltools.gnu-tools-for-stm32.13.3.rel1.win32_1.0.0.202411081344/tools/bin/../lib/gcc/arm-none-eabi/13.3.1/../../../../arm-none-eabi/lib/thumb/v7e-m+fp/hard\libm.a(libm_a-e_asin.o)
                0x08010b78                __ieee754_asin
 .text.__ieee754_atan2
                0x08010f80      0x18c C:/ST/STM32CubeIDE_1.16.0/STM32CubeIDE/plugins/com.st.stm32cube.ide.mcu.externaltools.gnu-tools-for-stm32.13.3.rel1.win32_1.0.0.202411081344/tools/bin/../lib/gcc/arm-none-eabi/13.3.1/../../../../arm-none-eabi/lib/thumb/v7e-m+fp/hard\libm.a(libm_a-e_atan2.o)
                0x08010f80                __ieee754_atan2
 *fill*         0x0801110c        0x4 
 .text.atan     0x08011110      0x330 C:/ST/STM32CubeIDE_1.16.0/STM32CubeIDE/plugins/com.st.stm32cube.ide.mcu.externaltools.gnu-tools-for-stm32.13.3.rel1.win32_1.0.0.202411081344/tools/bin/../lib/gcc/arm-none-eabi/13.3.1/../../../../arm-none-eabi/lib/thumb/v7e-m+fp/hard\libm.a(libm_a-s_atan.o)
                0x08011110                atan
 .text.__ieee754_sqrt
                0x08011440      0x1ac C:/ST/STM32CubeIDE_1.16.0/STM32CubeIDE/plugins/com.st.stm32cube.ide.mcu.externaltools.gnu-tools-for-stm32.13.3.rel1.win32_1.0.0.202411081344/tools/bin/../lib/gcc/arm-none-eabi/13.3.1/../../../../arm-none-eabi/lib/thumb/v7e-m+fp/hard\libm.a(libm_a-e_sqrt.o)
                0x08011440                __ieee754_sqrt
 *(.glue_7)
 .glue_7        0x080115ec        0x0 linker stubs
 *(.glue_7t)
 .glue_7t       0x080115ec        0x0 linker stubs
 *(.eh_frame)
 .eh_frame      0x080115ec        0x0 C:/ST/STM32CubeIDE_1.16.0/STM32CubeIDE/plugins/com.st.stm32cube.ide.mcu.externaltools.gnu-tools-for-stm32.13.3.rel1.win32_1.0.0.202411081344/tools/bin/../lib/gcc/arm-none-eabi/13.3.1/thumb/v7e-m+fp/hard/crtbegin.o
 *(.init)
 .init          0x080115ec        0x4 C:/ST/STM32CubeIDE_1.16.0/STM32CubeIDE/plugins/com.st.stm32cube.ide.mcu.externaltools.gnu-tools-for-stm32.13.3.rel1.win32_1.0.0.202411081344/tools/bin/../lib/gcc/arm-none-eabi/13.3.1/thumb/v7e-m+fp/hard/crti.o
                0x080115ec                _init
 .init          0x080115f0        0x8 C:/ST/STM32CubeIDE_1.16.0/STM32CubeIDE/plugins/com.st.stm32cube.ide.mcu.externaltools.gnu-tools-for-stm32.13.3.rel1.win32_1.0.0.202411081344/tools/bin/../lib/gcc/arm-none-eabi/13.3.1/thumb/v7e-m+fp/hard/crtn.o
 *(.fini)
 .fini          0x080115f8        0x4 C:/ST/STM32CubeIDE_1.16.0/STM32CubeIDE/plugins/com.st.stm32cube.ide.mcu.externaltools.gnu-tools-for-stm32.13.3.rel1.win32_1.0.0.202411081344/tools/bin/../lib/gcc/arm-none-eabi/13.3.1/thumb/v7e-m+fp/hard/crti.o
                0x080115f8                _fini
 .fini          0x080115fc        0x8 C:/ST/STM32CubeIDE_1.16.0/STM32CubeIDE/plugins/com.st.stm32cube.ide.mcu.externaltools.gnu-tools-for-stm32.13.3.rel1.win32_1.0.0.202411081344/tools/bin/../lib/gcc/arm-none-eabi/13.3.1/thumb/v7e-m+fp/hard/crtn.o
                0x08011604                        . = ALIGN (0x4)
                0x08011604                        _etext = .

.vfp11_veneer   0x08011604        0x0
 .vfp11_veneer  0x08011604        0x0 linker stubs

.v4_bx          0x08011604        0x0
 .v4_bx         0x08011604        0x0 linker stubs

.iplt           0x08011604        0x0
 .iplt          0x08011604        0x0 C:/ST/STM32CubeIDE_1.16.0/STM32CubeIDE/plugins/com.st.stm32cube.ide.mcu.externaltools.gnu-tools-for-stm32.13.3.rel1.win32_1.0.0.202411081344/tools/bin/../lib/gcc/arm-none-eabi/13.3.1/thumb/v7e-m+fp/hard/crtbegin.o

.rodata         0x08011608      0x7b0
                0x08011608                        . = ALIGN (0x4)
 *(.rodata)
 .rodata        0x08011608      0x35b ./Core/Src/main.o
 *fill*         0x08011963        0x1 
 .rodata        0x08011964      0x37d ./Core/Src/sensor_service.o
 *(.rodata*)
 *fill*         0x08011ce1        0x3 
 .rodata.GPIO_PIN
                0x08011ce4        0x8 ./Core/Src/main.o
                0x08011ce4                GPIO_PIN
 .rodata.AHBPrescTable
                0x08011cec       0x10 ./Core/Src/system_stm32f4xx.o
                0x08011cec                AHBPrescTable
 .rodata.APBPrescTable
                0x08011cfc        0x8 ./Core/Src/system_stm32f4xx.o
                0x08011cfc                APBPrescTable
 .rodata._svfprintf_r.str1.1
                0x08011d04       0x33 C:/ST/STM32CubeIDE_1.16.0/STM32CubeIDE/plugins/com.st.stm32cube.ide.mcu.externaltools.gnu-tools-for-stm32.13.3.rel1.win32_1.0.0.202411081344/tools/bin/../lib/gcc/arm-none-eabi/13.3.1/../../../../arm-none-eabi/lib/thumb/v7e-m+fp/hard\libc_nano.a(libc_a-nano-svfprintf.o)
                                 0x11 (size before relaxing)
 .rodata._printf_i.str1.1
                0x08011d37       0x22 C:/ST/STM32CubeIDE_1.16.0/STM32CubeIDE/plugins/com.st.stm32cube.ide.mcu.externaltools.gnu-tools-for-stm32.13.3.rel1.win32_1.0.0.202411081344/tools/bin/../lib/gcc/arm-none-eabi/13.3.1/../../../../arm-none-eabi/lib/thumb/v7e-m+fp/hard\libc_nano.a(libc_a-nano-vfprintf_i.o)
 .rodata.asin.str1.1
                0x08011d37        0x1 C:/ST/STM32CubeIDE_1.16.0/STM32CubeIDE/plugins/com.st.stm32cube.ide.mcu.externaltools.gnu-tools-for-stm32.13.3.rel1.win32_1.0.0.202411081344/tools/bin/../lib/gcc/arm-none-eabi/13.3.1/../../../../arm-none-eabi/lib/thumb/v7e-m+fp/hard\libm.a(libm_a-w_asin.o)
 *fill*         0x08011d37        0x1 
 .rodata.CSWTCH.9
                0x08011d38       0x18 C:/ST/STM32CubeIDE_1.16.0/STM32CubeIDE/plugins/com.st.stm32cube.ide.mcu.externaltools.gnu-tools-for-stm32.13.3.rel1.win32_1.0.0.202411081344/tools/bin/../lib/gcc/arm-none-eabi/13.3.1/../../../../arm-none-eabi/lib/thumb/v7e-m+fp/hard\libm.a(libm_a-e_atan2.o)
 .rodata.CSWTCH.8
                0x08011d50       0x18 C:/ST/STM32CubeIDE_1.16.0/STM32CubeIDE/plugins/com.st.stm32cube.ide.mcu.externaltools.gnu-tools-for-stm32.13.3.rel1.win32_1.0.0.202411081344/tools/bin/../lib/gcc/arm-none-eabi/13.3.1/../../../../arm-none-eabi/lib/thumb/v7e-m+fp/hard\libm.a(libm_a-e_atan2.o)
 .rodata.atanlo
                0x08011d68       0x20 C:/ST/STM32CubeIDE_1.16.0/STM32CubeIDE/plugins/com.st.stm32cube.ide.mcu.externaltools.gnu-tools-for-stm32.13.3.rel1.win32_1.0.0.202411081344/tools/bin/../lib/gcc/arm-none-eabi/13.3.1/../../../../arm-none-eabi/lib/thumb/v7e-m+fp/hard\libm.a(libm_a-s_atan.o)
 .rodata.atanhi
                0x08011d88       0x20 C:/ST/STM32CubeIDE_1.16.0/STM32CubeIDE/plugins/com.st.stm32cube.ide.mcu.externaltools.gnu-tools-for-stm32.13.3.rel1.win32_1.0.0.202411081344/tools/bin/../lib/gcc/arm-none-eabi/13.3.1/../../../../arm-none-eabi/lib/thumb/v7e-m+fp/hard\libm.a(libm_a-s_atan.o)
 .rodata.tiny   0x08011da8        0x8 C:/ST/STM32CubeIDE_1.16.0/STM32CubeIDE/plugins/com.st.stm32cube.ide.mcu.externaltools.gnu-tools-for-stm32.13.3.rel1.win32_1.0.0.202411081344/tools/bin/../lib/gcc/arm-none-eabi/13.3.1/../../../../arm-none-eabi/lib/thumb/v7e-m+fp/hard\libm.a(libm_a-e_sqrt.o)
 .rodata.one    0x08011db0        0x8 C:/ST/STM32CubeIDE_1.16.0/STM32CubeIDE/plugins/com.st.stm32cube.ide.mcu.externaltools.gnu-tools-for-stm32.13.3.rel1.win32_1.0.0.202411081344/tools/bin/../lib/gcc/arm-none-eabi/13.3.1/../../../../arm-none-eabi/lib/thumb/v7e-m+fp/hard\libm.a(libm_a-e_sqrt.o)
                0x08011db8                        . = ALIGN (0x4)

.ARM.extab      0x08011db8        0x0
                0x08011db8                        . = ALIGN (0x4)
 *(.ARM.extab* .gnu.linkonce.armextab.*)
                0x08011db8                        . = ALIGN (0x4)

.ARM            0x08011db8        0x8
                0x08011db8                        . = ALIGN (0x4)
                0x08011db8                        __exidx_start = .
 *(.ARM.exidx*)
 .ARM.exidx     0x08011db8        0x8 C:/ST/STM32CubeIDE_1.16.0/STM32CubeIDE/plugins/com.st.stm32cube.ide.mcu.externaltools.gnu-tools-for-stm32.13.3.rel1.win32_1.0.0.202411081344/tools/bin/../lib/gcc/arm-none-eabi/13.3.1/../../../../arm-none-eabi/lib/thumb/v7e-m+fp/hard\libc_nano.a(libc_a-memchr.o)
 .ARM.exidx     0x08011dc0        0x0 C:/ST/STM32CubeIDE_1.16.0/STM32CubeIDE/plugins/com.st.stm32cube.ide.mcu.externaltools.gnu-tools-for-stm32.13.3.rel1.win32_1.0.0.202411081344/tools/bin/../lib/gcc/arm-none-eabi/13.3.1/thumb/v7e-m+fp/hard\libgcc.a(_udivmoddi4.o)
                                  0x8 (size before relaxing)
                0x08011dc0                        __exidx_end = .
                0x08011dc0                        . = ALIGN (0x4)

.rel.dyn        0x08011dc0        0x0
 .rel.iplt      0x08011dc0        0x0 C:/ST/STM32CubeIDE_1.16.0/STM32CubeIDE/plugins/com.st.stm32cube.ide.mcu.externaltools.gnu-tools-for-stm32.13.3.rel1.win32_1.0.0.202411081344/tools/bin/../lib/gcc/arm-none-eabi/13.3.1/thumb/v7e-m+fp/hard/crtbegin.o

.preinit_array  0x08011dc0        0x0
                0x08011dc0                        . = ALIGN (0x4)
                0x08011dc0                        PROVIDE (__preinit_array_start = .)
 *(.preinit_array*)
                0x08011dc0                        PROVIDE (__preinit_array_end = .)
                0x08011dc0                        . = ALIGN (0x4)

.init_array     0x08011dc0        0x4
                0x08011dc0                        . = ALIGN (0x4)
                0x08011dc0                        PROVIDE (__init_array_start = .)
 *(SORT_BY_NAME(.init_array.*))
 *(.init_array*)
 .init_array    0x08011dc0        0x4 C:/ST/STM32CubeIDE_1.16.0/STM32CubeIDE/plugins/com.st.stm32cube.ide.mcu.externaltools.gnu-tools-for-stm32.13.3.rel1.win32_1.0.0.202411081344/tools/bin/../lib/gcc/arm-none-eabi/13.3.1/thumb/v7e-m+fp/hard/crtbegin.o
                0x08011dc4                        PROVIDE (__init_array_end = .)
                0x08011dc4                        . = ALIGN (0x4)

.fini_array     0x08011dc4        0x4
                0x08011dc4                        . = ALIGN (0x4)
                [!provide]                        PROVIDE (__fini_array_start = .)
 *(SORT_BY_NAME(.fini_array.*))
 *(.fini_array*)
 .fini_array    0x08011dc4        0x4 C:/ST/STM32CubeIDE_1.16.0/STM32CubeIDE/plugins/com.st.stm32cube.ide.mcu.externaltools.gnu-tools-for-stm32.13.3.rel1.win32_1.0.0.202411081344/tools/bin/../lib/gcc/arm-none-eabi/13.3.1/thumb/v7e-m+fp/hard/crtbegin.o
                [!provide]                        PROVIDE (__fini_array_end = .)
                0x08011dc8                        . = ALIGN (0x4)
                0x08011dc8                        _sidata = LOADADDR (.data)

.data           0x20000000      0x13c load address 0x08011dc8
                0x20000000                        . = ALIGN (0x4)
                0x20000000                        _sdata = .
 *(.data)
 *(.data*)
 .data.q0       0x20000000        0x4 ./Core/Src/ahrs.o
                0x20000000                q0
 .data.gyro_fil_coeff
                0x20000004       0x14 ./Core/Src/main.o
                0x20000004                gyro_fil_coeff
 .data.GPIO_PORT
                0x20000018        0x8 ./Core/Src/main.o
                0x20000018                GPIO_PORT
 .data.rc_z_control_flag
                0x20000020        0x4 ./Core/Src/rc.o
                0x20000020                rc_z_control_flag
 .data.set_connectable
                0x20000024        0x1 ./Core/Src/sensor_service.o
                0x20000024                set_connectable
 .data.EnvironmentalCharSize
                0x20000025        0x1 ./Core/Src/sensor_service.o
 *fill*         0x20000026        0x2 
 .data.SystemCoreClock
                0x20000028        0x4 ./Core/Src/system_stm32f4xx.o
                0x20000028                SystemCoreClock
 .data.LPS22HH_COMMON_Driver
                0x2000002c       0x10 ./Drivers/BSP/Components/lps22hh/lps22hh.o
                0x2000002c                LPS22HH_COMMON_Driver
 .data.LPS22HH_PRESS_Driver
                0x2000003c       0x14 ./Drivers/BSP/Components/lps22hh/lps22hh.o
                0x2000003c                LPS22HH_PRESS_Driver
 .data.LPS22HH_TEMP_Driver
                0x20000050       0x14 ./Drivers/BSP/Components/lps22hh/lps22hh.o
                0x20000050                LPS22HH_TEMP_Driver
 .data.LSM6DSR_COMMON_Driver
                0x20000064       0x10 ./Drivers/BSP/Components/lsm6dsr/lsm6dsr.o
                0x20000064                LSM6DSR_COMMON_Driver
 .data.LSM6DSR_ACC_Driver
                0x20000074       0x24 ./Drivers/BSP/Components/lsm6dsr/lsm6dsr.o
                0x20000074                LSM6DSR_ACC_Driver
 .data.LSM6DSR_GYRO_Driver
                0x20000098       0x24 ./Drivers/BSP/Components/lsm6dsr/lsm6dsr.o
                0x20000098                LSM6DSR_GYRO_Driver
 .data.uwTickPrio
                0x200000bc        0x4 ./Drivers/STM32F4xx_HAL_Driver/Src/stm32f4xx_hal.o
                0x200000bc                uwTickPrio
 .data.uwTickFreq
                0x200000c0        0x1 ./Drivers/STM32F4xx_HAL_Driver/Src/stm32f4xx_hal.o
                0x200000c0                uwTickFreq
 *fill*         0x200000c1        0x3 
 .data.FunctionIndex
                0x200000c4       0x14 ./X-CUBE-MEMS1/Target/custom_env_sensors.o
 .data.FunctionIndex
                0x200000d8       0x14 ./X-CUBE-MEMS1/Target/custom_motion_sensors.o
 .data._impure_ptr
                0x200000ec        0x4 C:/ST/STM32CubeIDE_1.16.0/STM32CubeIDE/plugins/com.st.stm32cube.ide.mcu.externaltools.gnu-tools-for-stm32.13.3.rel1.win32_1.0.0.202411081344/tools/bin/../lib/gcc/arm-none-eabi/13.3.1/../../../../arm-none-eabi/lib/thumb/v7e-m+fp/hard\libc_nano.a(libc_a-impure.o)
                0x200000ec                _impure_ptr
 .data._impure_data