15:47:16 **** Incremental Build of configuration Debug for project NUCLEO-L4R5ZI-P ****
make -j12 all 
arm-none-eabi-gcc "../Core/Src/main.c" -mcpu=cortex-m4 -std=gnu11 -g3 -DDEBUG -DUSE_HAL_DRIVER -DSTM32L4R5xx -c -I../Core/Inc -I../Drivers/STM32L4xx_HAL_Driver/Inc -I../Drivers/STM32L4xx_HAL_Driver/Inc/Legacy -I../Drivers/CMSIS/Device/ST/STM32L4xx/Include -I../Drivers/CMSIS/Include -O0 -ffunction-sections -fdata-sections -Wall -fstack-usage -fcyclomatic-complexity -MMD -MP -MF"Core/Src/main.d" -MT"Core/Src/main.o" --specs=nano.specs -mfpu=fpv4-sp-d16 -mfloat-abi=hard -mthumb -o "Core/Src/main.o"
../Core/Src/main.c: In function 'packageData':
../Core/Src/main.c:125:40: warning: implicit declaration of function 'malloc' [-Wimplicit-function-declaration]
  125 |         uint32_t* packets = (uint32_t*)malloc(numPackets * sizeof(uint32_t));
      |                                        ^~~~~~
../Core/Src/main.c:28:1: note: include '<stdlib.h>' or provide a declaration of 'malloc'
   27 | #include "ArmDriver.h"
  +++ |+#include <stdlib.h>
   28 | /* USER CODE END Includes */
../Core/Src/main.c:125:40: warning: incompatible implicit declaration of built-in function 'malloc' [-Wbuiltin-declaration-mismatch]
  125 |         uint32_t* packets = (uint32_t*)malloc(numPackets * sizeof(uint32_t));
      |                                        ^~~~~~
../Core/Src/main.c:125:40: note: include '<stdlib.h>' or provide a declaration of 'malloc'
../Core/Src/main.c: In function 'main':
../Core/Src/main.c:267:52: warning: pointer targets in passing argument 2 of 'HAL_UART_Transmit' differ in signedness [-Wpointer-sign]
  267 |                         HAL_UART_Transmit(&huart5, x_send, 8, 0xFFFF);
      |                                                    ^~~~~~
      |                                                    |
      |                                                    char *
In file included from ../Core/Inc/stm32l4xx_hal_conf.h:450,
                 from ../Drivers/STM32L4xx_HAL_Driver/Inc/stm32l4xx_hal.h:29,
                 from ../Core/Inc/main.h:30,
                 from ../Core/Src/main.c:20:
../Drivers/STM32L4xx_HAL_Driver/Inc/stm32l4xx_hal_uart.h:1696:79: note: expected 'const uint8_t *' {aka 'const unsigned char *'} but argument is of type 'char *'
 1696 | HAL_StatusTypeDef HAL_UART_Transmit(UART_HandleTypeDef *huart, const uint8_t *pData, uint16_t Size, uint32_t Timeout);
      |                                                                ~~~~~~~~~~~~~~~^~~~~
../Core/Src/main.c:268:52: warning: pointer targets in passing argument 2 of 'HAL_UART_Transmit' differ in signedness [-Wpointer-sign]
  268 |                         HAL_UART_Transmit(&huart5, y_send, 8, 0xFFFF);
      |                                                    ^~~~~~
      |                                                    |
      |                                                    char *
../Drivers/STM32L4xx_HAL_Driver/Inc/stm32l4xx_hal_uart.h:1696:79: note: expected 'const uint8_t *' {aka 'const unsigned char *'} but argument is of type 'char *'
 1696 | HAL_StatusTypeDef HAL_UART_Transmit(UART_HandleTypeDef *huart, const uint8_t *pData, uint16_t Size, uint32_t Timeout);
      |                                                                ~~~~~~~~~~~~~~~^~~~~
../Core/Src/main.c:269:52: warning: pointer targets in passing argument 2 of 'HAL_UART_Transmit' differ in signedness [-Wpointer-sign]
  269 |                         HAL_UART_Transmit(&huart5, z_send, 8, 0xFFFF);
      |                                                    ^~~~~~
      |                                                    |
      |                                                    char *
../Drivers/STM32L4xx_HAL_Driver/Inc/stm32l4xx_hal_uart.h:1696:79: note: expected 'const uint8_t *' {aka 'const unsigned char *'} but argument is of type 'char *'
 1696 | HAL_StatusTypeDef HAL_UART_Transmit(UART_HandleTypeDef *huart, const uint8_t *pData, uint16_t Size, uint32_t Timeout);
      |                                                                ~~~~~~~~~~~~~~~^~~~~
../Core/Src/main.c:280:52: warning: pointer targets in passing argument 2 of 'HAL_UART_Transmit' differ in signedness [-Wpointer-sign]
  280 |                         HAL_UART_Transmit(&huart5, adc_str, 16, 0xFFFF);
      |                                                    ^~~~~~~
      |                                                    |
      |                                                    char *
../Drivers/STM32L4xx_HAL_Driver/Inc/stm32l4xx_hal_uart.h:1696:79: note: expected 'const uint8_t *' {aka 'const unsigned char *'} but argument is of type 'char *'
 1696 | HAL_StatusTypeDef HAL_UART_Transmit(UART_HandleTypeDef *huart, const uint8_t *pData, uint16_t Size, uint32_t Timeout);
      |                                                                ~~~~~~~~~~~~~~~^~~~~
../Core/Src/main.c:329:33: warning: implicit declaration of function 'atoi' [-Wimplicit-function-declaration]
  329 |                         x_val = atoi(x_str);
      |                                 ^~~~
../Core/Src/main.c:333:34: warning: implicit declaration of function 'abs' [-Wimplicit-function-declaration]
  333 |                         x_val = (abs(x_val) > 12500) ? (x_val < 0 ? -12000 : 12000) : x_val;
      |                                  ^~~
../Core/Src/main.c:333:34: note: include '<stdlib.h>' or provide a declaration of 'abs'
../Core/Src/main.c:424:52: warning: pointer targets in passing argument 2 of 'LX16ABus_write_no_retry' differ in signedness [-Wpointer-sign]
  424 |                         LX16ABus_write_no_retry(1, data, 4, 4);
      |                                                    ^~~~
      |                                                    |
      |                                                    char *
In file included from ../Core/Src/main.c:27:
../Core/Inc/ArmDriver.h:10:57: note: expected 'const uint8_t *' {aka 'const unsigned char *'} but argument is of type 'char *'
   10 | int LX16ABus_write_no_retry(uint8_t cmd, const uint8_t *params, int param_cnt,
      |                                          ~~~~~~~~~~~~~~~^~~~~~
../Core/Src/main.c:434:52: warning: pointer targets in passing argument 2 of 'LX16ABus_write_no_retry' differ in signedness [-Wpointer-sign]
  434 |                         LX16ABus_write_no_retry(1, data, 4, 2);
      |                                                    ^~~~
      |                                                    |
      |                                                    char *
../Core/Inc/ArmDriver.h:10:57: note: expected 'const uint8_t *' {aka 'const unsigned char *'} but argument is of type 'char *'
   10 | int LX16ABus_write_no_retry(uint8_t cmd, const uint8_t *params, int param_cnt,
      |                                          ~~~~~~~~~~~~~~~^~~~~~
../Core/Src/main.c:209:7: warning: unused variable 'up' [-Wunused-variable]
  209 |   int up = 1;
      |       ^~
arm-none-eabi-gcc -o "NUCLEO-L4R5ZI-P.elf" @"objects.list"   -mcpu=cortex-m4 -T"N:\373-Project\NUCLEO-L4R5ZI-P\STM32L4R5ZITXP_FLASH.ld" --specs=nosys.specs -Wl,-Map="NUCLEO-L4R5ZI-P.map" -Wl,--gc-sections -static --specs=nano.specs -mfpu=fpv4-sp-d16 -mfloat-abi=hard -mthumb -u _printf_float -Wl,--start-group -lc -lm -Wl,--end-group
Finished building target: NUCLEO-L4R5ZI-P.elf
 
arm-none-eabi-size  NUCLEO-L4R5ZI-P.elf 
arm-none-eabi-objdump -h -S NUCLEO-L4R5ZI-P.elf  > "NUCLEO-L4R5ZI-P.list"
   text	   data	    bss	    dec	    hex	filename
  49940	    472	   2496	  52908	   ceac	NUCLEO-L4R5ZI-P.elf
Finished building: default.size.stdout
 
Finished building: NUCLEO-L4R5ZI-P.list
 

15:47:36 Build Finished. 0 errors, 11 warnings. (took 20s.16ms)

